[2025-08-27 09:29:14][INFO][notion_register] 新規データベース作成完了: データベースID：25c9fee9-008f-81ff-819f-e8a29edf4faa データベース名：2025秋anime_schedule_db
[2025-08-27 09:29:16][INFO][notion_register] Archived DB：2025夏anime_schedule_db database_id: 2529fee9-008f-810e-8b76-c3ed1df392db
[2025-08-27 09:29:22][INFO][notion_register] 登録成功: ホテル・インヒューマンズ (1)
[2025-08-27 09:29:22][INFO][notion_register] 登録成功: 9-nine- Ruler's Crown (2)
[2025-08-27 09:29:23][INFO][notion_register] 登録成功: 追放白魔導師 ミニアニメ (3)
[2025-08-27 09:29:28][INFO][notion_register] 登録成功: 雨と君と (4)
[2025-08-27 09:29:30][INFO][notion_register] 登録成功: 人妻の唇は缶チューハイの味がして (5)
[2025-08-27 09:29:31][INFO][notion_register] 登録成功: 瑠璃の宝石 (6)
[2025-08-27 09:29:31][INFO][notion_register] 登録成功: ゲーセン少女と異文化交流 (7)
[2025-08-27 09:29:34][INFO][notion_register] 登録成功: おそ松さん (第4期) (8)
[2025-08-27 09:29:34][INFO][notion_register] 登録成功: ブスに花束を。 (9)
[2025-08-27 09:29:35][INFO][notion_register] 登録成功: 学校では教えてくれない大切なこと (10)
[2025-08-27 09:29:35][INFO][notion_register] 登録成功: CITY THE ANIMATION (11)
[2025-08-27 09:29:36][INFO][notion_register] 登録成功: New PANTY & STOCKING with GARTERBELT (12)
[2025-08-27 09:29:37][INFO][notion_register] 登録成功: 追放者食堂へようこそ！ (13)
[2025-08-27 09:29:38][INFO][notion_register] 登録成功: まったく最近の探偵ときたら (14)
[2025-08-27 09:29:40][INFO][notion_register] 登録成功: うたごえはミルフィーユ (15)
[2025-08-27 09:29:41][INFO][notion_register] 登録成功: 出禁のモグラ (16)
[2025-08-27 09:29:42][INFO][notion_register] 登録成功: 異世界黙示録マイノグーラ ～破滅の文明で始める世界征服～ (17)
[2025-08-27 09:29:46][INFO][notion_register] 登録成功: 気絶勇者と暗殺姫 (18)
[2025-08-27 09:29:46][INFO][notion_register] 登録成功: 公女殿下の家庭教師 (19)
[2025-08-27 09:29:47][INFO][notion_register] 登録成功: 光が死んだ夏 (20)
[2025-08-27 09:29:52][INFO][notion_register] 登録成功: 青春ブタ野郎はサンタクロースの夢を見ない (21)
[2025-08-27 09:29:53][INFO][notion_register] 登録成功: 水属性の魔法使い (22)
[2025-08-27 09:29:53][INFO][notion_register] 登録成功: 傷だらけ聖女より報復をこめて (23)
[2025-08-27 09:29:55][INFO][notion_register] 登録成功: 白豚貴族ですが前世の記憶が生えたのでひよこな弟育てます (24)
[2025-08-27 09:29:56][INFO][notion_register] 登録成功: 渡くんの××が崩壊寸前 (25)
[2025-08-27 09:29:57][INFO][notion_register] 登録成功: ずたぼろ令嬢は姉の元婚約者に溺愛される (26)
[2025-08-27 09:29:58][INFO][notion_register] 登録成功: 盾の勇者の成り上がり Season4 (27)
[2025-08-27 09:30:00][INFO][notion_register] 登録成功: クレバテス-魔獣の王と赤子と屍の勇者- (28)
[2025-08-27 09:30:01][INFO][notion_register] 登録成功: 地縛少年花子くん2 後編 (29)
[2025-08-27 09:30:03][INFO][notion_register] 登録成功: 美男高校地球防衛部ハイカラ！ (30)
[2025-08-27 09:30:04][INFO][notion_register] 登録成功: 桃源暗鬼 (31)
[2025-08-27 09:30:07][INFO][notion_register] 登録成功: 彼女、お借りします 第4期 (32)
[2025-08-27 09:30:08][INFO][notion_register] 登録成功: 自動販売機に生まれ変わった俺は迷宮を彷徨う 2nd season (33)
[2025-08-27 09:30:09][INFO][notion_register] 登録成功: わたしが恋人になれるわけないじゃん、ムリムリ!（※ムリじゃなかった!?） (34)
[2025-08-27 09:30:09][INFO][notion_register] 登録成功: よふかしのうた Season2 (35)
[2025-08-27 09:30:18][INFO][notion_register] 登録成功: 地獄先生ぬ〜べ〜 (2025) (36)
[2025-08-27 09:30:19][INFO][notion_register] 登録成功: 薫る花は凛と咲く (37)
[2025-08-27 09:30:24][INFO][notion_register] 登録成功: ブサメンガチファイター (38)
[2025-08-27 09:30:25][INFO][notion_register] 登録成功: サイレント・ウィッチ 沈黙の魔女の隠しごと (39)
[2025-08-27 09:30:26][INFO][notion_register] 登録成功: 勇者パーティーを追放された白魔導師、Sランク冒険者に拾われる ～この白魔導師が規格外すぎる～ (40)
[2025-08-27 09:30:26][INFO][notion_register] 登録成功: Turkey! (41)
[2025-08-27 09:30:34][INFO][notion_register] 登録成功: ふたりソロキャンプ (42)
[2025-08-27 09:30:34][INFO][notion_register] 登録成功: ぐらんぶる Season 2 (43)
[2025-08-27 09:30:37][INFO][notion_register] 登録成功: 転生したら第七王子だったので、気ままに魔術を極めます 第2期 (44)
[2025-08-27 09:30:39][INFO][notion_register] 登録成功: その着せ替え人形は恋をする Season 2 (45)
[2025-08-27 09:30:39][INFO][notion_register] 登録成功: ニャイト・オブ・ザ・リビングキャット (46)
[2025-08-27 09:30:40][INFO][notion_register] 登録成功: ダンダダン 第2期 (47)
[2025-08-27 09:30:41][INFO][notion_register] 登録成功: 夢中さ、きみに。 (48)
[2025-08-27 09:30:50][INFO][notion_register] 登録成功: ガチアクタ (49)
[2025-08-27 09:30:50][INFO][notion_register] 登録成功: 強くてニューサーガ (50)
[2025-08-27 09:30:56][INFO][notion_register] 登録成功: ばっどがーる (51)
[2025-08-27 09:30:57][INFO][notion_register] 登録成功: ぷにるんず ぷに3 (52)
[2025-08-27 09:30:58][INFO][notion_register] 登録成功: 帝乃三姉妹は案外、チョロい。 (53)
[2025-08-27 09:30:58][INFO][notion_register] 登録成功: カードファイト!! ヴァンガード Divinez デラックス決勝編 (54)
[2025-08-27 09:30:59][INFO][notion_register] 登録成功: カラオケ行こ！ (55)
[2025-08-27 09:30:59][INFO][notion_register] 登録成功: カッコウの許嫁 Season2 (56)
[2025-08-27 09:31:00][INFO][notion_register] 登録成功: タコピーの原罪 (57)
[2025-08-27 09:31:00][INFO][notion_register] 登録成功: フードコートで、また明日。 (58)
[2025-08-27 09:31:01][INFO][notion_register] 登録成功: フェルマーの料理 (59)
[2025-08-27 09:31:01][INFO][notion_register] 登録成功: ぬきたし THE ANIMATION (60)
[2025-08-27 09:31:05][INFO][notion_register] 登録成功: 転生宗主の覇道譚 ～すべてを呑み込むサカナと這い上がる～ (61)
[2025-08-27 09:31:10][INFO][notion_register] 登録成功: デキちゃうまで婚 (62)
[2025-08-27 09:31:10][INFO][notion_register] 登録処理完了: 成功 62 件 / 失敗 0 件
[2025-09-28 17:46:53][INFO][notion_register] 新規データベース作成完了: データベースID：27c9fee9-008f-813c-a974-d69ef8f6ba00 データベース名：2025秋anime_schedule_db
[2025-09-28 17:46:54][INFO][notion_register] Archived DB：2025夏anime_schedule_db database_id: 2529fee9-008f-810e-8b76-c3ed1df392db
[2025-09-28 17:46:54][INFO][notion_register] 登録成功: ちゃんと吸えない吸血鬼ちゃん (1)
[2025-09-28 17:46:55][INFO][notion_register] 登録成功: 悪食令嬢と狂血公爵 (2)
[2025-09-28 17:46:56][INFO][notion_register] 登録成功: 味方が弱すぎて補助魔法に徹していた宮廷魔法師、追放されて最強を目指す (3)
[2025-09-28 17:46:57][INFO][notion_register] 登録成功: 友達の妹が俺にだけウザい (4)
[2025-09-28 17:46:57][INFO][notion_register] 登録成功: 永久のユウグレ (5)
[2025-09-28 17:46:58][INFO][notion_register] 登録成功: 東島丹三郎は仮面ライダーになりたい (6)
[2025-09-28 17:47:01][INFO][notion_register] 登録成功: 笑顔のたえない職場です。 (7)
[2025-09-28 17:47:02][INFO][notion_register] 登録成功: らんま1/2 第2期 (8)
[2025-09-28 17:47:03][INFO][notion_register] 登録成功: 千歳くんはラムネ瓶のなか (9)
[2025-09-28 17:47:04][INFO][notion_register] 登録成功: 龍族Ⅱ -The Mourner's Eyes- (10)
[2025-09-28 17:47:04][INFO][notion_register] 登録成功: 嘆きの亡霊は引退したい 第2クール (11)
[2025-09-28 17:47:08][INFO][notion_register] 登録成功: 矢野くんの普通の日々 (12)
[2025-09-28 17:47:09][INFO][notion_register] 登録成功: ワンダンス (13)
[2025-09-28 17:47:09][INFO][notion_register] 登録成功: 父は英雄、母は精霊、娘の私は転生者。 (14)
[2025-09-28 17:47:10][INFO][notion_register] 登録成功: 結婚指輪物語Ⅱ (15)
[2025-09-28 17:47:10][INFO][notion_register] 登録成功: Let’s Play クエストだらけのマイライフ (16)
[2025-09-28 17:47:10][INFO][notion_register] 登録成功: とんでもスキルで異世界放浪メシ2 (17)
[2025-09-28 17:47:11][INFO][notion_register] 登録成功: 顔に出ない柏田さんと顔に出る太田君 (18)
[2025-09-28 17:47:12][INFO][notion_register] 登録成功: SANDA (19)
[2025-09-28 17:47:14][INFO][notion_register] 登録成功: ある日、お姫様になってしまった件について (20)
[2025-09-28 17:47:14][INFO][notion_register] 登録成功: 破産富豪 The Richest Man in GAME (21)
[2025-09-28 17:47:23][INFO][notion_register] 登録成功: アンデッドアンラック Winter編 (22)
[2025-09-28 17:47:23][INFO][notion_register] 登録成功: DIGIMON BEATBREAK (23)
[2025-09-28 17:47:25][INFO][notion_register] 登録成功: ポーション、わが身を助ける (24)
[2025-09-28 17:47:28][INFO][notion_register] 登録成功: 異世界かるてっと3 (25)
[2025-09-28 17:47:28][INFO][notion_register] 登録成功: 機械じかけのマリー (26)
[2025-09-28 17:47:33][INFO][notion_register] 登録成功: アルマちゃんは家族になりたい (27)
[2025-09-28 17:47:37][INFO][notion_register] 登録成功: 太陽よりも眩しい星 (28)
[2025-09-28 17:47:39][INFO][notion_register] 登録成功: デブとラブと過ちと！ (29)
[2025-09-28 17:47:39][INFO][notion_register] 登録成功: ワンパンマン (第3期) (30)
[2025-09-28 17:47:40][INFO][notion_register] 登録成功: 不器用な先輩。 (31)
[2025-09-28 17:47:42][INFO][notion_register] 登録成功: グノーシア (32)
[2025-09-28 17:47:42][INFO][notion_register] 登録成功: 最後にひとつだけお願いしてもよろしいでしょうか (33)
[2025-09-28 17:47:43][INFO][notion_register] 登録成功: 暗殺者である俺のステータスが勇者よりも明らかに強いのだが (34)
[2025-09-28 17:47:43][INFO][notion_register] 登録成功: 転生悪女の黒歴史 (35)
[2025-09-28 17:47:45][INFO][notion_register] 登録成功: かくりよの宿飯 弐 (36)
[2025-09-28 17:47:46][INFO][notion_register] 登録成功: 私を喰べたい、ひとでなし (37)
[2025-09-28 17:47:46][INFO][notion_register] 登録成功: 素材採取家の異世界旅行記 (38)
[2025-09-28 17:47:47][INFO][notion_register] 登録成功: 信じていた仲間達にダンジョン奥地で殺されかけたがギフト『無限ガチャ』でレベル9999の仲間達を手に入れて元パーティーメンバーと世界に復讐＆『ざまぁ！』します！ (39)
[2025-09-28 17:47:47][INFO][notion_register] 登録成功: さわらないで小手指くん (40)
[2025-09-28 17:47:48][INFO][notion_register] 登録成功: 陛下わたしを忘れてください (41)
[2025-09-28 17:47:52][INFO][notion_register] 登録成功: 野生のラスボスが現れた！ (42)
[2025-09-28 17:47:52][INFO][notion_register] 登録成功: 野原ひろし 昼メシの流儀 (43)
[2025-09-28 17:47:53][INFO][notion_register] 登録成功: ガングリオン (44)
[2025-09-28 17:47:53][INFO][notion_register] 登録処理完了: 成功 44 件 / 失敗 0 件
[2025-12-26 18:57:03][INFO][notion_register] 新規データベース作成完了: データベースID：2d59fee9-008f-8144-9718-ebb841ca732b データベース名：2027冬anime_schedule_db
[2025-12-26 18:57:05][INFO][notion_register] Archived DB：2025秋anime_schedule_db database_id: 27c9fee9-008f-813c-a974-d69ef8f6ba00
[2025-12-26 18:57:06][INFO][notion_register] 登録成功: カードファイト!! ヴァンガード Divinez 幻真星戦編 (1)
[2025-12-26 18:57:06][INFO][notion_register] 登録成功: MFゴースト 3rd Season (2)
[2025-12-26 18:57:09][INFO][notion_register] 登録成功: ヘルモード ～やり込み好きのゲーマーは廃設定の異世界で無双する～ (3)
[2025-12-26 18:57:16][INFO][notion_register] 登録成功: 違国日記 (4)
[2025-12-26 18:57:17][INFO][notion_register] 登録成功: 超かぐや姫！ (5)
[2025-12-26 18:57:17][INFO][notion_register] 登録成功: 姫様“拷問”の時間です 第2期 (6)
[2025-12-26 18:57:18][INFO][notion_register] 登録成功: 地獄先生ぬ〜べ〜 第2クール (7)
[2025-12-26 18:57:18][INFO][notion_register] 登録成功: 魔都精兵のスレイブ2 (8)
[2025-12-26 18:57:19][INFO][notion_register] 登録成功: 死亡遊戯で飯を食う。 (9)
[2025-12-26 18:57:20][INFO][notion_register] 登録成功: 花ざかりの君たちへ (10)
[2025-12-26 18:57:20][INFO][notion_register] 登録成功: 鎧真伝サムライトルーパー (11)
[2025-12-26 18:57:23][INFO][notion_register] 登録成功: ヴィジランテ -僕のヒーローアカデミア ILLEGALS- 第2期 (12)
[2025-12-26 18:57:24][INFO][notion_register] 登録成功: 綺麗にしてもらえますか。 (13)
[2025-12-26 18:57:24][INFO][notion_register] 登録成功: 正反対な君と僕 (14)
[2025-12-26 18:57:25][INFO][notion_register] 登録成功: お前はまだグンマを知らない～令和版～ (15)
[2025-12-26 18:57:25][INFO][notion_register] 登録成功: カヤちゃんはコワくない (16)
[2025-12-26 18:57:26][INFO][notion_register] 登録成功: 異世界の沙汰は社畜次第 (17)
[2025-12-26 18:57:30][INFO][notion_register] 登録成功: Fate/strange Fake (18)
[2025-12-26 18:57:30][INFO][notion_register] 登録成功: どうせ、恋してしまうんだ。 Season2 (19)
[2025-12-26 18:57:33][INFO][notion_register] 登録成功: ほっぺちゃん ～サン王国と黒ほっぺ団の秘密～ (20)
[2025-12-26 18:57:39][INFO][notion_register] 登録成功: 「お前ごときが魔王に勝てると思うな」と勇者パーティを追放されたので、王都で気ままに暮らしたい (21)
[2025-12-26 18:57:39][INFO][notion_register] 登録成功: 時光代理人 -LINK CLICK- 英都篇 (22)
[2025-12-26 18:57:42][INFO][notion_register] 登録成功: 勇者パーティーにかわいい子がいたので、告白してみた。 (23)
[2025-12-26 18:57:43][INFO][notion_register] 登録成功: 悪役令嬢は隣国の王太子に溺愛される (24)
[2025-12-26 18:57:44][INFO][notion_register] 登録成功: 29歳独身中堅冒険者の日常 (25)
[2025-12-26 18:57:44][INFO][notion_register] 登録成功: 有栖川煉ってホントは女なんだよね。 (26)
[2025-12-26 18:57:47][INFO][notion_register] 登録成功: 火喰鳥 羽州ぼろ鳶組 (27)
[2025-12-26 18:57:47][INFO][notion_register] 登録成功: イチゴ哀歌 〜雑で生イキな妹と割り切れない兄〜 (28)
[2025-12-26 18:57:48][INFO][notion_register] 登録成功: 人外教室の人間嫌い教師 (29)
[2025-12-26 18:57:48][INFO][notion_register] 登録成功: 勇者刑に処す 懲罰勇者9004隊刑務記録 (30)
[2025-12-26 18:57:49][INFO][notion_register] 登録成功: デッドアカウント (31)
[2025-12-26 18:57:49][INFO][notion_register] 登録成功: 魔王の娘は優しすぎる!! (32)
[2025-12-26 18:57:50][INFO][notion_register] 登録成功: DARK MOON　-黒の月: 月の祭壇- Original By DARK MOON : THE BLOOD ALTAR WITH ENHYPEN (33)
[2025-12-26 18:57:58][INFO][notion_register] 登録成功: シャンピニオンの魔女 (34)
[2025-12-26 18:57:58][INFO][notion_register] 登録成功: 幼馴染とはラブコメにならない (35)
[2025-12-26 18:57:59][INFO][notion_register] 登録成功: 地獄楽 第二期 (36)
[2025-12-26 18:58:00][INFO][notion_register] 登録成功: ハイスクール！奇面組 (2026) (37)
[2025-12-26 18:58:09][INFO][notion_register] 登録成功: 勇者パーティを追い出された器用貧乏 (38)
[2025-12-26 18:58:10][INFO][notion_register] 登録成功: 転生したらドラゴンの卵だった (39)
[2025-12-26 18:58:10][INFO][notion_register] 登録成功: アンドロイドは経験人数に入りますか？？ (40)
[2025-12-26 18:58:11][INFO][notion_register] 登録成功: 貴族転生 ～恵まれた生まれから最強の力を得る～ (41)
[2025-12-26 18:58:11][INFO][notion_register] 登録成功: 真夜中ハートチューン (42)
[2025-12-26 18:58:12][INFO][notion_register] 登録成功: 透明男と人間女～そのうち夫婦になるふたり～ (43)
[2025-12-26 18:58:12][INFO][notion_register] 登録成功: うるわしの宵の月 (44)
[2025-12-26 18:58:17][INFO][notion_register] 登録成功: エリスの聖杯 (45)
[2025-12-26 18:58:19][INFO][notion_register] 登録成功: TRIGUN STARGAZE (46)
[2025-12-26 18:58:20][INFO][notion_register] 登録成功: 【推しの子】第3期 (47)
[2025-12-26 18:58:21][INFO][notion_register] 登録成功: 最推しの義兄を愛でるため、長生きします！ (48)
[2025-12-26 18:58:21][INFO][notion_register] 登録成功: 穏やか貴族の休暇のすすめ。 (49)
[2025-12-26 18:58:22][INFO][notion_register] 登録成功: 炎炎ノ消防隊 参ノ章 第2クール (50)
[2025-12-26 18:58:22][INFO][notion_register] 登録成功: 勇者のクズ (51)
[2025-12-26 18:58:25][INFO][notion_register] 登録成功: お気楽領主の楽しい領地防衛～生産系魔術で名もなき村を最強の城塞都市に～ (52)
[2025-12-26 18:58:25][INFO][notion_register] 登録成功: 拷問バイトくんの日常 (53)
[2025-12-26 18:58:26][INFO][notion_register] 登録成功: わたしが恋人になれるわけないじゃん、ムリムリ!（※ムリじゃなかった!?）〜ネクストシャイン！〜 (54)
[2025-12-26 18:58:26][INFO][notion_register] 登録処理完了: 成功 54 件 / 失敗 0 件
