[NG] ABEMA:
配信開始 dアニメストア DMM TV U-NEXT アニメ放題 ABEMA Lemino Amazon プライムビデオ Hulu FOD
---
[NG] Lemino:
dアニメストア DMM TV U-NEXT アニメ放題 ABEMA Lemino Amazon プライムビデオ Hulu FOD TELASA
---
[NG] Hulu:
アニメ放題 ABEMA Lemino Amazon プライムビデオ Hulu FOD TELASA J:COM STREAM Pontaパス milplus
---
[NG] FOD:
ABEMA Lemino Amazon プライムビデオ Hulu FOD TELASA J:COM STREAM Pontaパス milplus Anime Festa
---
[NG] DMM TV:
各配信サービスにて順次配信開始！ 見放題配信サービス ABEMA Amazon Prime Video AnimeFesta DMM TV dアニメストア FOD Hulu Lemino U-NEXT
---
[NG] dアニメストア:
見放題配信サービス ABEMA Amazon Prime Video AnimeFesta DMM TV dアニメストア FOD Hulu Lemino U-NEXT アニメ放題
---
[NG] FOD:
ABEMA Amazon Prime Video AnimeFesta DMM TV dアニメストア FOD Hulu Lemino U-NEXT アニメ放題 バンダイチャンネル
---
[NG] Hulu:
Amazon Prime Video AnimeFesta DMM TV dアニメストア FOD Hulu Lemino U-NEXT アニメ放題 バンダイチャンネル 各話購入サービス
---
[NG] Lemino:
AnimeFesta DMM TV dアニメストア FOD Hulu Lemino U-NEXT アニメ放題 バンダイチャンネル 各話購入サービス Amazonビデオ
---
[NG] U-NEXT:
DMM TV dアニメストア FOD Hulu Lemino U-NEXT アニメ放題 バンダイチャンネル 各話購入サービス Amazonビデオ Rakuten TV
---
[NG] アニメ放題:
dアニメストア FOD Hulu Lemino U-NEXT アニメ放題 バンダイチャンネル 各話購入サービス Amazonビデオ Rakuten TV ニコニコチャンネル
---
[NG] バンダイチャンネル:
FOD Hulu Lemino U-NEXT アニメ放題 バンダイチャンネル 各話購入サービス Amazonビデオ Rakuten TV ニコニコチャンネル バンダイチャンネル
---
[NG] AnimeFesta:
最速配信 dアニメストア ABEMA その他サイトも順次配信予定 見放題サイト AnimeFesta DMM TV ＦＯＤ HAPPY!動画 Hulu J:COM STREAM
---
[NG] DMM TV:
dアニメストア ABEMA その他サイトも順次配信予定 見放題サイト AnimeFesta DMM TV ＦＯＤ HAPPY!動画 Hulu J:COM STREAM Lemino
---
[NG] Hulu:
見放題サイト AnimeFesta DMM TV ＦＯＤ HAPPY!動画 Hulu J:COM STREAM Lemino milplus 見放題パックプライム Netflix
---
[NG] Lemino:
DMM TV ＦＯＤ HAPPY!動画 Hulu J:COM STREAM Lemino milplus 見放題パックプライム Netflix Prime Video Rakuten TV
---
[NG] Netflix:
Hulu J:COM STREAM Lemino milplus 見放題パックプライム Netflix Prime Video Rakuten TV TELASA U-NEXT アニメタイムズ
---
[NG] Prime Video:
J:COM STREAM Lemino milplus 見放題パックプライム Netflix Prime Video Rakuten TV TELASA U-NEXT アニメタイムズ アニメ放題
---
[NG] U-NEXT:
見放題パックプライム Netflix Prime Video Rakuten TV TELASA U-NEXT アニメタイムズ アニメ放題 ニコニコ バンダイチャンネル ムービーフルPlus
---
[NG] アニメタイムズ:
Netflix Prime Video Rakuten TV TELASA U-NEXT アニメタイムズ アニメ放題 ニコニコ バンダイチャンネル ムービーフルPlus PAGE
---
[NG] アニメ放題:
Prime Video Rakuten TV TELASA U-NEXT アニメタイムズ アニメ放題 ニコニコ バンダイチャンネル ムービーフルPlus PAGE TOP
---
[NG] バンダイチャンネル:
TELASA U-NEXT アニメタイムズ アニメ放題 ニコニコ バンダイチャンネル ムービーフルPlus PAGE TOP OFFICIAL SHARE
---
[NG] Prime Video:
ABEMA Disney＋ DMM TV FOD アニメフェスタ Prime Video ニコニコ動画 TVer バンダイチャンネル Hulu J:COM STREAM
---
[NG] バンダイチャンネル:
FOD アニメフェスタ Prime Video ニコニコ動画 TVer バンダイチャンネル Hulu J:COM STREAM TELASA milplus Pontaパス
---
[NG] Hulu:
アニメフェスタ Prime Video ニコニコ動画 TVer バンダイチャンネル Hulu J:COM STREAM TELASA milplus Pontaパス 【個別課金サービス】
---
[NG] バンダイチャンネル:
music.jp カンテレドーガ ニコニコ動画 Prime Video HAPPY!動画 バンダイチャンネル J:COM STREAM TELASA milplus ©二階堂幸／講談社 ©二階堂幸・講談社／雨と君と製作委員会
---
[NG] ABEMA:
dアニメストア U-NEXT アニメ放題 アニメタイムズ Lemino ABEMA FOD ふらっと動画 TELASA(SVOD) J:COM STREAM(TVOD) milplus(SVOD)
---
[NG] FOD:
U-NEXT アニメ放題 アニメタイムズ Lemino ABEMA FOD ふらっと動画 TELASA(SVOD) J:COM STREAM(TVOD) milplus(SVOD) ビデオマーケット(TVOD)
---
[NG] U-NEXT:
dアニメストア dアニメストア ニコニコ支店 dアニメストア for Prime Video FOD ABEMAプレミアム U-NEXT アニメ放題 バンダイチャンネル Hulu Lemino Netflix
---
[NG] アニメ放題:
dアニメストア ニコニコ支店 dアニメストア for Prime Video FOD ABEMAプレミアム U-NEXT アニメ放題 バンダイチャンネル Hulu Lemino Netflix DMM TV
---
[NG] バンダイチャンネル:
dアニメストア for Prime Video FOD ABEMAプレミアム U-NEXT アニメ放題 バンダイチャンネル Hulu Lemino Netflix DMM TV アニメタイムズ
---
[NG] Hulu:
FOD ABEMAプレミアム U-NEXT アニメ放題 バンダイチャンネル Hulu Lemino Netflix DMM TV アニメタイムズ AnimeFesta
---
[NG] アニメ放題:
各配信サイトにて順次配信開始！ 詳細は各サイトでチェック！ 見放題サイト ABEMA U-NEXT アニメ放題 niconico （ニコニコ生放送／ニコニコチャンネル） DMM TV FOD バンダイチャンネル
---
[NG] DMM TV:
ABEMA U-NEXT アニメ放題 niconico （ニコニコ生放送／ニコニコチャンネル） DMM TV FOD バンダイチャンネル Hulu TELASA （見放題プラン）
---
[NG] FOD:
U-NEXT アニメ放題 niconico （ニコニコ生放送／ニコニコチャンネル） DMM TV FOD バンダイチャンネル Hulu TELASA （見放題プラン） J:COM STREAM
---
[NG] バンダイチャンネル:
アニメ放題 niconico （ニコニコ生放送／ニコニコチャンネル） DMM TV FOD バンダイチャンネル Hulu TELASA （見放題プラン） J:COM STREAM milplus
---
[NG] Hulu:
niconico （ニコニコ生放送／ニコニコチャンネル） DMM TV FOD バンダイチャンネル Hulu TELASA （見放題プラン） J:COM STREAM milplus 見放題パックプライム
---
[NG] Prime Video:
TELASA （見放題プラン） J:COM STREAM milplus 見放題パックプライム Prime Video アニメフェスタ 都度課金サイト HAPPY!動画 Rakuten TV ※配信日時は変更になる場合がございます。
---
[NG] FOD:
見放題配信 Amazon Prime Video Hulu dアニメストア ABEMA FOD DMM TV AnimeFesta バンダイチャンネル TELASA J:COMSTREAM
---
[NG] DMM TV:
Amazon Prime Video Hulu dアニメストア ABEMA FOD DMM TV AnimeFesta バンダイチャンネル TELASA J:COMSTREAM milplus
---
[NG] AnimeFesta:
Hulu dアニメストア ABEMA FOD DMM TV AnimeFesta バンダイチャンネル TELASA J:COMSTREAM milplus Pontaパス
---
[NG] バンダイチャンネル:
dアニメストア ABEMA FOD DMM TV AnimeFesta バンダイチャンネル TELASA J:COMSTREAM milplus Pontaパス 都度課金
---
[NG] Prime Video:
milplus Pontaパス 都度課金 HAPPY動画 Google TV Amazon Prime Video ニコニコチャンネル Rakuten TV バンダイチャンネル TELASA J:COMSTREAM
---
[NG] バンダイチャンネル:
HAPPY動画 Google TV Amazon Prime Video ニコニコチャンネル Rakuten TV バンダイチャンネル TELASA J:COMSTREAM milplus 無料配信 Lemino
---
[NG] Lemino:
バンダイチャンネル TELASA J:COMSTREAM milplus 無料配信 Lemino TVer ネットもテレ東 ニコニコ生放送 ニコニコチャンネル ABEMA
---
[NG] ABEMA:
Lemino TVer ネットもテレ東 ニコニコ生放送 ニコニコチャンネル ABEMA Rチャンネル 「赤塚不二夫TV」 Rチャンネル「アニメch」 おそ松さん公式Ｘ おそ松さん公式YouTube
---
[NG] dアニメストア:
最新話を配信！ TVer Amazon Prime Video J:COM STREAM dアニメストア DMM TV TELASA バンダイチャンネル みるプラス U-NEXT
---
[NG] DMM TV:
TVer Amazon Prime Video J:COM STREAM dアニメストア DMM TV TELASA バンダイチャンネル みるプラス U-NEXT Lemino
---
[NG] バンダイチャンネル:
Prime Video J:COM STREAM dアニメストア DMM TV TELASA バンダイチャンネル みるプラス U-NEXT Lemino Spoox Powered by Lemino
---
[NG] U-NEXT:
dアニメストア DMM TV TELASA バンダイチャンネル みるプラス U-NEXT Lemino Spoox Powered by Lemino アニメ放題 アニメタイムズ
---
[NG] Lemino:
DMM TV TELASA バンダイチャンネル みるプラス U-NEXT Lemino Spoox Powered by Lemino アニメ放題 アニメタイムズ Prairie Kids
---
[NG] Lemino:
バンダイチャンネル みるプラス U-NEXT Lemino Spoox Powered by Lemino アニメ放題 アニメタイムズ Prairie Kids ABEMA キャスト
---
[NG] アニメ放題:
みるプラス U-NEXT Lemino Spoox Powered by Lemino アニメ放題 アニメタイムズ Prairie Kids ABEMA キャスト 整太／
---
[NG] アニメタイムズ:
U-NEXT Lemino Spoox Powered by Lemino アニメ放題 アニメタイムズ Prairie Kids ABEMA キャスト 整太／ 理子
---
[NG] ABEMA:
Spoox Powered by Lemino アニメ放題 アニメタイムズ Prairie Kids ABEMA キャスト 整太／ 理子 千菅春香 メッセージ
---
[NG] dアニメストア:
TV ※放送日時は予告なく変更となる場合がございます。 STREAMING オンエア版 見放題配信 dアニメストア U-NEXT アニメ放題 ABEMA niconico (ニコニコ生放送／ニコニコチャンネル)
---
[NG] U-NEXT:
※放送日時は予告なく変更となる場合がございます。 STREAMING オンエア版 見放題配信 dアニメストア U-NEXT アニメ放題 ABEMA niconico (ニコニコ生放送／ニコニコチャンネル) DMM TV
---
[NG] アニメ放題:
STREAMING オンエア版 見放題配信 dアニメストア U-NEXT アニメ放題 ABEMA niconico (ニコニコ生放送／ニコニコチャンネル) DMM TV Lemino
---
[NG] ABEMA:
オンエア版 見放題配信 dアニメストア U-NEXT アニメ放題 ABEMA niconico (ニコニコ生放送／ニコニコチャンネル) DMM TV Lemino FOD
---
[NG] DMM TV:
U-NEXT アニメ放題 ABEMA niconico (ニコニコ生放送／ニコニコチャンネル) DMM TV Lemino FOD バンダイチャンネル Hulu TELASA(見放題プラン)
---
[NG] Lemino:
アニメ放題 ABEMA niconico (ニコニコ生放送／ニコニコチャンネル) DMM TV Lemino FOD バンダイチャンネル Hulu TELASA(見放題プラン) J:COM STREAM
---
[NG] FOD:
ABEMA niconico (ニコニコ生放送／ニコニコチャンネル) DMM TV Lemino FOD バンダイチャンネル Hulu TELASA(見放題プラン) J:COM STREAM milplus 見放題パックプライム
---
[NG] バンダイチャンネル:
niconico (ニコニコ生放送／ニコニコチャンネル) DMM TV Lemino FOD バンダイチャンネル Hulu TELASA(見放題プラン) J:COM STREAM milplus 見放題パックプライム Prime Video
---
[NG] Hulu:
(ニコニコ生放送／ニコニコチャンネル) DMM TV Lemino FOD バンダイチャンネル Hulu TELASA(見放題プラン) J:COM STREAM milplus 見放題パックプライム Prime Video アニメフェスタ
---
[NG] Prime Video:
バンダイチャンネル Hulu TELASA(見放題プラン) J:COM STREAM milplus 見放題パックプライム Prime Video アニメフェスタ TBS FREE Tver 都度課金配信 HAPPY!動画
---
[NG] dアニメストア:
都度課金配信 HAPPY!動画 Rakuten TV ディレクターズカット版 見放題配信 dアニメストア U-NEXT アニメ放題 ABEMA DMM TV Lemino
---
[NG] U-NEXT:
HAPPY!動画 Rakuten TV ディレクターズカット版 見放題配信 dアニメストア U-NEXT アニメ放題 ABEMA DMM TV Lemino FOD
---
[NG] アニメ放題:
Rakuten TV ディレクターズカット版 見放題配信 dアニメストア U-NEXT アニメ放題 ABEMA DMM TV Lemino FOD TELASA(見放題プラン)
---
[NG] ABEMA:
ディレクターズカット版 見放題配信 dアニメストア U-NEXT アニメ放題 ABEMA DMM TV Lemino FOD TELASA(見放題プラン) J:COM STREAM
---
[NG] DMM TV:
見放題配信 dアニメストア U-NEXT アニメ放題 ABEMA DMM TV Lemino FOD TELASA(見放題プラン) J:COM STREAM milplus 見放題パックプライム
---
[NG] Lemino:
dアニメストア U-NEXT アニメ放題 ABEMA DMM TV Lemino FOD TELASA(見放題プラン) J:COM STREAM milplus 見放題パックプライム Prime Video
---
[NG] FOD:
U-NEXT アニメ放題 ABEMA DMM TV Lemino FOD TELASA(見放題プラン) J:COM STREAM milplus 見放題パックプライム Prime Video アニメフェスタ
---
[NG] Prime Video:
Lemino FOD TELASA(見放題プラン) J:COM STREAM milplus 見放題パックプライム Prime Video アニメフェスタ ※放送スケジュール等の都合により、配信スケジュールは変更になる場合がございます。予めご了承ください。 BACK TO TOP © KAMITSUBAKI STUDIO/SINKA ANIMATION PROJECT close
---
[NG] ABEMA:
へ) Amazon、Prime Video及びこれらに関連するすべての商標は、Amazon.com, Inc. 又はその関連会社の商標です。 ※放送・配信日時は変更となる場合がございます。 オリジナル版 見放題サイト ABEMA dアニメストア U-NEXT アニメ放題 Lemino DMM TV
---
[NG] dアニメストア:
Amazon、Prime Video及びこれらに関連するすべての商標は、Amazon.com, Inc. 又はその関連会社の商標です。 ※放送・配信日時は変更となる場合がございます。 オリジナル版 見放題サイト ABEMA dアニメストア U-NEXT アニメ放題 Lemino DMM TV アニメフェスタ
---
[NG] U-NEXT:
※放送・配信日時は変更となる場合がございます。 オリジナル版 見放題サイト ABEMA dアニメストア U-NEXT アニメ放題 Lemino DMM TV アニメフェスタ FOD
---
[NG] アニメ放題:
オリジナル版 見放題サイト ABEMA dアニメストア U-NEXT アニメ放題 Lemino DMM TV アニメフェスタ FOD TELASA
---
[NG] Lemino:
見放題サイト ABEMA dアニメストア U-NEXT アニメ放題 Lemino DMM TV アニメフェスタ FOD TELASA (見放題プラン)
---
[NG] DMM TV:
ABEMA dアニメストア U-NEXT アニメ放題 Lemino DMM TV アニメフェスタ FOD TELASA (見放題プラン) J:COM　STREAM
---
[NG] FOD:
U-NEXT アニメ放題 Lemino DMM TV アニメフェスタ FOD TELASA (見放題プラン) J:COM　STREAM milplus 見放題パックプライム
---
[NG] ABEMA:
J:COM　STREAM milplus 見放題パックプライム CENSORED版 見放題サイト ABEMA dアニメストア U-NEXT アニメ放題 niconico (ニコニコ生放送／
---
[NG] dアニメストア:
milplus 見放題パックプライム CENSORED版 見放題サイト ABEMA dアニメストア U-NEXT アニメ放題 niconico (ニコニコ生放送／ ニコニコチャンネル)
---
[NG] U-NEXT:
見放題パックプライム CENSORED版 見放題サイト ABEMA dアニメストア U-NEXT アニメ放題 niconico (ニコニコ生放送／ ニコニコチャンネル) Lemino
---
[NG] アニメ放題:
CENSORED版 見放題サイト ABEMA dアニメストア U-NEXT アニメ放題 niconico (ニコニコ生放送／ ニコニコチャンネル) Lemino DMM TV
---
[NG] Lemino:
U-NEXT アニメ放題 niconico (ニコニコ生放送／ ニコニコチャンネル) Lemino DMM TV バンダイチャンネル Hulu アニメフェスタ FOD
---
[NG] DMM TV:
アニメ放題 niconico (ニコニコ生放送／ ニコニコチャンネル) Lemino DMM TV バンダイチャンネル Hulu アニメフェスタ FOD TELASA
---
[NG] バンダイチャンネル:
niconico (ニコニコ生放送／ ニコニコチャンネル) Lemino DMM TV バンダイチャンネル Hulu アニメフェスタ FOD TELASA (見放題プラン)
---
[NG] Hulu:
(ニコニコ生放送／ ニコニコチャンネル) Lemino DMM TV バンダイチャンネル Hulu アニメフェスタ FOD TELASA (見放題プラン) J:COM　STREAM
---
[NG] FOD:
Lemino DMM TV バンダイチャンネル Hulu アニメフェスタ FOD TELASA (見放題プラン) J:COM　STREAM milplus 見放題パックプライム
---
[NG] DMM TV:
Hulu ニコニコチャンネル ニコニコ生放送 U-NEXT アニメ放題 DMM TV AnimeFesta ABEMA Prime Video バンダイチャンネル FOD
---
[NG] AnimeFesta:
ニコニコチャンネル ニコニコ生放送 U-NEXT アニメ放題 DMM TV AnimeFesta ABEMA Prime Video バンダイチャンネル FOD J:COM STREAM
---
[NG] ABEMA:
ニコニコ生放送 U-NEXT アニメ放題 DMM TV AnimeFesta ABEMA Prime Video バンダイチャンネル FOD J:COM STREAM TELASA
---
[NG] Prime Video:
U-NEXT アニメ放題 DMM TV AnimeFesta ABEMA Prime Video バンダイチャンネル FOD J:COM STREAM TELASA milplus（みるプラス）
---
[NG] バンダイチャンネル:
アニメ放題 DMM TV AnimeFesta ABEMA Prime Video バンダイチャンネル FOD J:COM STREAM TELASA milplus（みるプラス） レンタル配信
---
[NG] U-NEXT:
詳細は各サイトでチェック！ 見放題サイト ｄアニメストア niconico (ニコニコ生放送／ニコニコチャンネル) U-NEXT アニメ放題 Lemino バンダイチャンネル Hulu DMM TV
---
[NG] アニメ放題:
見放題サイト ｄアニメストア niconico (ニコニコ生放送／ニコニコチャンネル) U-NEXT アニメ放題 Lemino バンダイチャンネル Hulu DMM TV TELASA
---
[NG] Lemino:
ｄアニメストア niconico (ニコニコ生放送／ニコニコチャンネル) U-NEXT アニメ放題 Lemino バンダイチャンネル Hulu DMM TV TELASA J:COM STREAM
---
[NG] バンダイチャンネル:
niconico (ニコニコ生放送／ニコニコチャンネル) U-NEXT アニメ放題 Lemino バンダイチャンネル Hulu DMM TV TELASA J:COM STREAM milplus
---
[NG] Hulu:
(ニコニコ生放送／ニコニコチャンネル) U-NEXT アニメ放題 Lemino バンダイチャンネル Hulu DMM TV TELASA J:COM STREAM milplus 見放題パックプライム
---
[NG] DMM TV:
U-NEXT アニメ放題 Lemino バンダイチャンネル Hulu DMM TV TELASA J:COM STREAM milplus 見放題パックプライム Prime Video
---
[NG] Prime Video:
DMM TV TELASA J:COM STREAM milplus 見放題パックプライム Prime Video FOD アニメフェスタ 都度課金サイト Rakuten TV HAPPY!動画
---
[NG] FOD:
TELASA J:COM STREAM milplus 見放題パックプライム Prime Video FOD アニメフェスタ 都度課金サイト Rakuten TV HAPPY!動画 ※配信日時は変更になる場合がございます。予めご了承ください。
---
[NG] ABEMA:
配信 放送後、各プラットフォームにて 順次配信 すべてみる 見放題配信 ABEMA Amazon Prime Video dアニメストア dアニメストア ニコニコ支店 dアニメストア for Prime Video DMM TV
---
[NG] Prime Video:
放送後、各プラットフォームにて 順次配信 すべてみる 見放題配信 ABEMA Amazon Prime Video dアニメストア dアニメストア ニコニコ支店 dアニメストア for Prime Video DMM TV FOD
---
[NG] dアニメストア:
順次配信 すべてみる 見放題配信 ABEMA Amazon Prime Video dアニメストア dアニメストア ニコニコ支店 dアニメストア for Prime Video DMM TV FOD Hulu
---
[NG] dアニメストア:
すべてみる 見放題配信 ABEMA Amazon Prime Video dアニメストア dアニメストア ニコニコ支店 dアニメストア for Prime Video DMM TV FOD Hulu J:COM STREAM
---
[NG] dアニメストア:
見放題配信 ABEMA Amazon Prime Video dアニメストア dアニメストア ニコニコ支店 dアニメストア for Prime Video DMM TV FOD Hulu J:COM STREAM Lemino
---
[NG] Prime Video:
見放題配信 ABEMA Amazon Prime Video dアニメストア dアニメストア ニコニコ支店 dアニメストア for Prime Video DMM TV FOD Hulu J:COM STREAM Lemino
---
[NG] dアニメストア for Prime Video:
見放題配信 ABEMA Amazon Prime Video dアニメストア dアニメストア ニコニコ支店 dアニメストア for Prime Video DMM TV FOD Hulu J:COM STREAM Lemino
---
[NG] DMM TV:
ABEMA Amazon Prime Video dアニメストア dアニメストア ニコニコ支店 dアニメストア for Prime Video DMM TV FOD Hulu J:COM STREAM Lemino milplus
---
[NG] FOD:
Amazon Prime Video dアニメストア dアニメストア ニコニコ支店 dアニメストア for Prime Video DMM TV FOD Hulu J:COM STREAM Lemino milplus U-NEXT
---
[NG] Hulu:
dアニメストア dアニメストア ニコニコ支店 dアニメストア for Prime Video DMM TV FOD Hulu J:COM STREAM Lemino milplus U-NEXT アニメ放題
---
[NG] Lemino:
dアニメストア for Prime Video DMM TV FOD Hulu J:COM STREAM Lemino milplus U-NEXT アニメ放題 バンダイチャンネル ふらっと動画
---
[NG] U-NEXT:
FOD Hulu J:COM STREAM Lemino milplus U-NEXT アニメ放題 バンダイチャンネル ふらっと動画 レンタル配信 Amazon Prime Video
---
[NG] アニメ放題:
Hulu J:COM STREAM Lemino milplus U-NEXT アニメ放題 バンダイチャンネル ふらっと動画 レンタル配信 Amazon Prime Video HAPPY!動画
---
[NG] バンダイチャンネル:
J:COM STREAM Lemino milplus U-NEXT アニメ放題 バンダイチャンネル ふらっと動画 レンタル配信 Amazon Prime Video HAPPY!動画 J:COM STREAM
---
[NG] Prime Video:
U-NEXT アニメ放題 バンダイチャンネル ふらっと動画 レンタル配信 Amazon Prime Video HAPPY!動画 J:COM STREAM milplus music.jp TELASA
---
[NG] バンダイチャンネル:
music.jp TELASA VIDEX カンテレドーガ ニコニコチャンネル バンダイチャンネル ビデオマーケット すべてみる がんばれ ちびゴジラ 著者: さかざきちはる 2019年、ゴジラ生誕65周年! つよくてかわいい、ニューヒーロー登場! 日本でいちばん有名な怪獣のひみつ。
---
[NG] アニメ放題:
アニメタイムズ Lemino Hulu dアニメストア U-NEXT アニメ放題 Disney＋ DMM TV AnimeFesta ABEMA バンダイチャンネル
---
[NG] DMM TV:
Hulu dアニメストア U-NEXT アニメ放題 Disney＋ DMM TV AnimeFesta ABEMA バンダイチャンネル FOD J:COM STREAM
---
[NG] AnimeFesta:
dアニメストア U-NEXT アニメ放題 Disney＋ DMM TV AnimeFesta ABEMA バンダイチャンネル FOD J:COM STREAM TELASA
---
[NG] ABEMA:
U-NEXT アニメ放題 Disney＋ DMM TV AnimeFesta ABEMA バンダイチャンネル FOD J:COM STREAM TELASA milplus（みるプラス）
---
[NG] バンダイチャンネル:
アニメ放題 Disney＋ DMM TV AnimeFesta ABEMA バンダイチャンネル FOD J:COM STREAM TELASA milplus（みるプラス） ニコニコチャンネル
---
[NG] FOD:
Disney＋ DMM TV AnimeFesta ABEMA バンダイチャンネル FOD J:COM STREAM TELASA milplus（みるプラス） ニコニコチャンネル ニコニコ生放送
---
[NG] Netflix:
順次配信開始（予定） カンテレドーガ music.jp ビデオマーケット MOVIE FULL+ Netflix ※配信開始日時はサービスによって異なる場合がございます。詳しくは各配信サービスにてご確認ください。 ※配信時間は変更になる可能性がございます。 SHARE ©江口夏実・講談社／出禁のモグラ製作委員会
---
[NG] バンダイチャンネル:
アニメ放題 DMM TV J:COM STREAM みるプラス TELASA バンダイチャンネル Hulu Lemino アニメタイムズ AnimeFesta 都度課金配信サイト
---
[NG] Lemino:
DMM TV FOD HAPPY！動画 hulu J:COM STREAM Lemino milplus music.jp Prime Video TELASA Youtube（レンタル）
---
[NG] Prime Video:
hulu J:COM STREAM Lemino milplus music.jp Prime Video TELASA Youtube（レンタル） カンテレドーガ バンダイチャンネル ビデオマーケット
---
[NG] バンダイチャンネル:
music.jp Prime Video TELASA Youtube（レンタル） カンテレドーガ バンダイチャンネル ビデオマーケット ムービーフルplus TOP NEWS INTRODUCTION
---
[NG] バンダイチャンネル:
U-NEXT Hulu アニメタイムズ （Prime Video channel） Lemino(AVOD含む) バンダイチャンネル FOD Amazon Prime Video DMM TV Rakuten TV Rチャンネル
---
[NG] FOD:
Hulu アニメタイムズ （Prime Video channel） Lemino(AVOD含む) バンダイチャンネル FOD Amazon Prime Video DMM TV Rakuten TV Rチャンネル アニメフェスタ
---
[NG] Prime Video:
アニメタイムズ （Prime Video channel） Lemino(AVOD含む) バンダイチャンネル FOD Amazon Prime Video DMM TV Rakuten TV Rチャンネル アニメフェスタ ニコニコ動画
---
[NG] DMM TV:
（Prime Video channel） Lemino(AVOD含む) バンダイチャンネル FOD Amazon Prime Video DMM TV Rakuten TV Rチャンネル アニメフェスタ ニコニコ動画 ビデオマーケット
---
[NG] Hulu:
dアニメストア dアニメストア for Prime Video dアニメストア ニコニコ支店 Prime Video ディズニープラス Hulu DMM TV Lemino FOD AnimeFesta バンダイチャンネル
---
[NG] ABEMA:
BOOKS MOVIE MUSIC STORY 2025.08.15 ABEMAにて一挙配信が決定！ MORE 2025.08.15 第7話「門の先で」放送・配信時間変更のお知らせ MORE 2025.08.08
---
[NG] ABEMA:
MORE 2025.08.15 第7話「門の先で」放送・配信時間変更のお知らせ MORE 2025.08.08 ABEMA・ニコニコ生放送にて一挙配信が決定！ MORE 2025 年 7 月
---
[NG] FOD:
ABEMAプレミアム Amazon Prime Video Disney+ （ディズニープラス） DMM TV FOD Hulu J:COM STREAM Lemino milplus TELASA
---
[NG] Hulu:
Amazon Prime Video Disney+ （ディズニープラス） DMM TV FOD Hulu J:COM STREAM Lemino milplus TELASA TELASA
---
[NG] Lemino:
（ディズニープラス） DMM TV FOD Hulu J:COM STREAM Lemino milplus TELASA TELASA （Pontaパス） アニメタイムズ
---
[NG] アニメタイムズ:
Lemino milplus TELASA TELASA （Pontaパス） アニメタイムズ バンダイチャンネル ふらっと動画 【AVOD・FVOD】 最新話期間限定 無料配信
---
[NG] バンダイチャンネル:
milplus TELASA TELASA （Pontaパス） アニメタイムズ バンダイチャンネル ふらっと動画 【AVOD・FVOD】 最新話期間限定 無料配信 ABEMA
---
[NG] ABEMA:
バンダイチャンネル ふらっと動画 【AVOD・FVOD】 最新話期間限定 無料配信 ABEMA TBS FREE TVer ニコニコ生放送 【TVOD】レンタル配信 Amazon Prime Video
---
[NG] Prime Video:
ABEMA TBS FREE TVer ニコニコ生放送 【TVOD】レンタル配信 Amazon Prime Video Google TV HAPPY!動画 J:COM STREAM milplus Rakuten TV
---
[NG] バンダイチャンネル:
milplus Rakuten TV TELASA VIDEX ニコニコチャンネル（最新話1週間無料） バンダイチャンネル ※放送日時は予告なく変更となる場合がございます。 「＜水よ来たれ！＞」 異世界に転生した青年・涼のコップ一杯の水から始まる スローライフ ――
---
[NG] ABEMA:
配信情報 4 月 20 日(日)より ABEMAにて独占・無料配信！ 7 月 6 日(日)より 地上波同時で再放送！
---
[NG] Lemino:
Prime Video Hulu DMM TV Google TV YouTube Lemino ひかりTV ひかりTV for docomo J:COM STREAM TELASA milplus(みるプラス)
---
[NG] dアニメストア:
ひかりTV for docomo J:COM STREAM TELASA milplus(みるプラス) Happy!動画 dアニメストア バンダイチャンネル ※放送・配信日時は変更になる場合があります。 © やしろ・ＴＯブックス／しろひよ製作委員会
---
[NG] バンダイチャンネル:
J:COM STREAM TELASA milplus(みるプラス) Happy!動画 dアニメストア バンダイチャンネル ※放送・配信日時は変更になる場合があります。 © やしろ・ＴＯブックス／しろひよ製作委員会
---
[NG] バンダイチャンネル:
ビデオマーケット music.jp カンテレドーガ Prime Video HAPPY!動画 バンダイチャンネル Hulu J:COM STREAM TELASA milplus DMM TV
---
[NG] Hulu:
music.jp カンテレドーガ Prime Video HAPPY!動画 バンダイチャンネル Hulu J:COM STREAM TELASA milplus DMM TV Lemino
---
[NG] DMM TV:
バンダイチャンネル Hulu J:COM STREAM TELASA milplus DMM TV Lemino 配信開始日時は予告なく変更になる場合があります。 ON AIR SHARE © 鳴見なる・講談社／渡くんの××が崩壊寸前製作委員会
---
[NG] Lemino:
Hulu J:COM STREAM TELASA milplus DMM TV Lemino 配信開始日時は予告なく変更になる場合があります。 ON AIR SHARE © 鳴見なる・講談社／渡くんの××が崩壊寸前製作委員会
---
[NG] ABEMA:
Prime Video Lemino Premium ひかりTV ひかりTV for docomo SPOOX ABEMA DMM TV J:COM STREAM TELASA milplus(みるプラス) FOD
---
[NG] DMM TV:
Lemino Premium ひかりTV ひかりTV for docomo SPOOX ABEMA DMM TV J:COM STREAM TELASA milplus(みるプラス) FOD Anime Festa
---
[NG] FOD:
ABEMA DMM TV J:COM STREAM TELASA milplus(みるプラス) FOD Anime Festa Hulu アニメタイムズ ニコニコ生放送 ニコニコ動画
---
[NG] Hulu:
J:COM STREAM TELASA milplus(みるプラス) FOD Anime Festa Hulu アニメタイムズ ニコニコ生放送 ニコニコ動画 TVer MBS動画イズム
---
[NG] アニメタイムズ:
TELASA milplus(みるプラス) FOD Anime Festa Hulu アニメタイムズ ニコニコ生放送 ニコニコ動画 TVer MBS動画イズム バンダイチャンネル
---
[NG] バンダイチャンネル:
アニメタイムズ ニコニコ生放送 ニコニコ動画 TVer MBS動画イズム バンダイチャンネル 都度課金サイト Google TV YouTube Happy!動画 ※放送・配信日時は変更になる場合があります。
---
[NG] ABEMA:
※放送時間は予告なく変更となる場合がございます STREAMING ※配信開始日時はサービスによって異なる場合がございます。 詳しくは各種配信サービスよりご確認ください。 見放題配信 ABEMAプレミアム Amazon Prime Video DMM TV d アニメストア FOD
---
[NG] Prime Video:
STREAMING ※配信開始日時はサービスによって異なる場合がございます。 詳しくは各種配信サービスよりご確認ください。 見放題配信 ABEMAプレミアム Amazon Prime Video DMM TV d アニメストア FOD Hulu
---
[NG] DMM TV:
※配信開始日時はサービスによって異なる場合がございます。 詳しくは各種配信サービスよりご確認ください。 見放題配信 ABEMAプレミアム Amazon Prime Video DMM TV d アニメストア FOD Hulu J:COM STREAM
---
[NG] FOD:
ABEMAプレミアム Amazon Prime Video DMM TV d アニメストア FOD Hulu J:COM STREAM Lemino milplus TELASA
---
[NG] Hulu:
Amazon Prime Video DMM TV d アニメストア FOD Hulu J:COM STREAM Lemino milplus TELASA TELASA
---
[NG] Lemino:
d アニメストア FOD Hulu J:COM STREAM Lemino milplus TELASA TELASA （ Ponta
---
[NG] U-NEXT:
TELASA TELASA （ Ponta パス） U-NEXT アニメ放題 バンダイチャンネル 最新話期間限定 無料配信 ABEMA FOD
---
[NG] アニメ放題:
TELASA （ Ponta パス） U-NEXT アニメ放題 バンダイチャンネル 最新話期間限定 無料配信 ABEMA FOD TVer
---
[NG] バンダイチャンネル:
（ Ponta パス） U-NEXT アニメ放題 バンダイチャンネル 最新話期間限定 無料配信 ABEMA FOD TVer ニコニコ生放送
---
[NG] ABEMA:
パス） U-NEXT アニメ放題 バンダイチャンネル 最新話期間限定 無料配信 ABEMA FOD TVer ニコニコ生放送 レンタル配信 Amazon Prime Video
---
[NG] FOD:
U-NEXT アニメ放題 バンダイチャンネル 最新話期間限定 無料配信 ABEMA FOD TVer ニコニコ生放送 レンタル配信 Amazon Prime Video Google TV
---
[NG] Prime Video:
ABEMA FOD TVer ニコニコ生放送 レンタル配信 Amazon Prime Video Google TV HAPPY! 動画 J:COM STREAM milplus
---
[NG] バンダイチャンネル:
music.jp ※放送終了後全話一挙配信 Rakuten TV TELASA ニコニコチャンネル バンダイチャンネル ビデオマーケット ※放送終了後全話一挙配信 ムービーフル Plus ※放送終了後全話一挙配信
---
[NG] U-NEXT:
詳細は各サイトでチェック！ 見放題サイト ABEMA NETFLIX ディズニープラス U-NEXT アニメ放題 niconico(ニコニコ生放送／ニコニコチャンネル） DMM TV FOD バンダイチャンネル
---
[NG] アニメ放題:
見放題サイト ABEMA NETFLIX ディズニープラス U-NEXT アニメ放題 niconico(ニコニコ生放送／ニコニコチャンネル） DMM TV FOD バンダイチャンネル Hulu
---
[NG] DMM TV:
NETFLIX ディズニープラス U-NEXT アニメ放題 niconico(ニコニコ生放送／ニコニコチャンネル） DMM TV FOD バンダイチャンネル Hulu TELASA（見放題プラン） J:COM　STREAM
---
[NG] FOD:
ディズニープラス U-NEXT アニメ放題 niconico(ニコニコ生放送／ニコニコチャンネル） DMM TV FOD バンダイチャンネル Hulu TELASA（見放題プラン） J:COM　STREAM milplus　見放題パックプライム
---
[NG] バンダイチャンネル:
U-NEXT アニメ放題 niconico(ニコニコ生放送／ニコニコチャンネル） DMM TV FOD バンダイチャンネル Hulu TELASA（見放題プラン） J:COM　STREAM milplus　見放題パックプライム Prime Video
---
[NG] Hulu:
アニメ放題 niconico(ニコニコ生放送／ニコニコチャンネル） DMM TV FOD バンダイチャンネル Hulu TELASA（見放題プラン） J:COM　STREAM milplus　見放題パックプライム Prime Video アニメフェスタ
---
[NG] Prime Video:
バンダイチャンネル Hulu TELASA（見放題プラン） J:COM　STREAM milplus　見放題パックプライム Prime Video アニメフェスタ 都度課金サイト ムービーフルplus HAPPY!動画 Rakuten TV
---
[NG] Lemino:
見放題サイト ABEMA niconico （ニコニコ生放送／ニコニコチャンネル） DMM TV Lemino FOD バンダイチャンネル Hulu TELASA （見放題プラン）
---
[NG] FOD:
ABEMA niconico （ニコニコ生放送／ニコニコチャンネル） DMM TV Lemino FOD バンダイチャンネル Hulu TELASA （見放題プラン） J:COM　STREAM
---
[NG] バンダイチャンネル:
niconico （ニコニコ生放送／ニコニコチャンネル） DMM TV Lemino FOD バンダイチャンネル Hulu TELASA （見放題プラン） J:COM　STREAM milplus　見放題パックプライム
---
[NG] Hulu:
（ニコニコ生放送／ニコニコチャンネル） DMM TV Lemino FOD バンダイチャンネル Hulu TELASA （見放題プラン） J:COM　STREAM milplus　見放題パックプライム Prime Video
---
[NG] Prime Video:
Hulu TELASA （見放題プラン） J:COM　STREAM milplus　見放題パックプライム Prime Video アニメフェスタ 都度課金サイト ムービーフルplus HAPPY!動画 Rakuten TV
---
[NG] DMM TV:
ABEMA AnimeFesta バンダイチャンネル dアニメストア Disney＋ DMM TV FOD Hulu Lemino Netflix Prime Video
---
[NG] FOD:
AnimeFesta バンダイチャンネル dアニメストア Disney＋ DMM TV FOD Hulu Lemino Netflix Prime Video U-NEXT
---
[NG] ABEMA:
順次配信開始！ 詳細は各サイトでチェック！ 【見放題】 U-NEXT アニメ放題 ABEMA dアニメストア DMM TV Prime Video バンダイチャンネル Hulu
---
[NG] dアニメストア:
詳細は各サイトでチェック！ 【見放題】 U-NEXT アニメ放題 ABEMA dアニメストア DMM TV Prime Video バンダイチャンネル Hulu FOD
---
[NG] DMM TV:
【見放題】 U-NEXT アニメ放題 ABEMA dアニメストア DMM TV Prime Video バンダイチャンネル Hulu FOD Animefesta
---
[NG] Prime Video:
U-NEXT アニメ放題 ABEMA dアニメストア DMM TV Prime Video バンダイチャンネル Hulu FOD Animefesta Lemino
---
[NG] バンダイチャンネル:
アニメ放題 ABEMA dアニメストア DMM TV Prime Video バンダイチャンネル Hulu FOD Animefesta Lemino アニメタイムズ
---
[NG] Hulu:
ABEMA dアニメストア DMM TV Prime Video バンダイチャンネル Hulu FOD Animefesta Lemino アニメタイムズ J:COM STREAM
---
[NG] FOD:
dアニメストア DMM TV Prime Video バンダイチャンネル Hulu FOD Animefesta Lemino アニメタイムズ J:COM STREAM （見放題）
---
[NG] Lemino:
Prime Video バンダイチャンネル Hulu FOD Animefesta Lemino アニメタイムズ J:COM STREAM （見放題） TELASA （見放題プラン）
---
[NG] アニメタイムズ:
バンダイチャンネル Hulu FOD Animefesta Lemino アニメタイムズ J:COM STREAM （見放題） TELASA （見放題プラン） milplus
---
[NG] Prime Video:
TELASA （見放題プラン） milplus 見放題パックプライム 【都度課金】 Prime Video バンダイチャンネル ニコニコチャンネル ©馬谷くらり／黒玉寮 Share
---
[NG] バンダイチャンネル:
（見放題プラン） milplus 見放題パックプライム 【都度課金】 Prime Video バンダイチャンネル ニコニコチャンネル ©馬谷くらり／黒玉寮 Share
---
[NG] DMM TV:
Anime Festa アニメ放題 バンダイチャンネル dアニメストア Disney+ DMM TV FOD Hulu J:COM STREAM 見放題 Lemino milplus
---
[NG] FOD:
アニメ放題 バンダイチャンネル dアニメストア Disney+ DMM TV FOD Hulu J:COM STREAM 見放題 Lemino milplus Netflix
---
[NG] Hulu:
バンダイチャンネル dアニメストア Disney+ DMM TV FOD Hulu J:COM STREAM 見放題 Lemino milplus Netflix Ponta パス
---
[NG] Lemino:
Disney+ DMM TV FOD Hulu J:COM STREAM 見放題 Lemino milplus Netflix Ponta パス Prime Video TELASA
---
[NG] Netflix:
FOD Hulu J:COM STREAM 見放題 Lemino milplus Netflix Ponta パス Prime Video TELASA U-NEXT レンタル配信
---
[NG] Prime Video:
HAPPY!動画 J:COM STREAM milplus ムービーフルplus ニコニコチャンネル Prime Video Rakuten TV TELASA Video Market ビデックス 最新話無料配信
---
[NG] バンダイチャンネル:
アニメ放題 ABEMA Lemino Amazonプライムビデオ Disney＋ バンダイチャンネル Hulu FOD ニコニコチャンネル Anime Festa TVer
---
[NG] Hulu:
ABEMA Lemino Amazonプライムビデオ Disney＋ バンダイチャンネル Hulu FOD ニコニコチャンネル Anime Festa TVer MBS動画イズム
---
[NG] バンダイチャンネル:
Amazon Prime Video J:COM STREAM DMM TV TELASA ニコニコ バンダイチャンネル Hulu milplus見放題パックプライム U-NEXT FOD 都度課金配信
---
[NG] バンダイチャンネル:
Amazon Prime Video カンテレドーガ J:COM STREAM TELASA ニコニコ バンダイチャンネル ビデオマーケット music.jp milplus 見逃し無料配信 ABEMA
---
[NG] ABEMA:
バンダイチャンネル ビデオマーケット music.jp milplus 見逃し無料配信 ABEMA ニコニコ Lemino HOME MOVIE NEWS
---
[NG] Lemino:
music.jp milplus 見逃し無料配信 ABEMA ニコニコ Lemino HOME MOVIE NEWS STAFF&CAST INTRODUCTION
---
[NG] バンダイチャンネル:
J:COM STREAM milplus music.jp Rakuten TV TELASA バンダイチャンネル ビデオマーケット ムービーフルPlus ※配信情報は変更になる場合がございます。詳しくは各配信サイトをご確認ください。 Season1 再放送 放送局
---
[NG] FOD:
※放送時間は変更の可能性がございます 4/12より毎週土曜日正午から FOD/TVer にて 1週間限定配信 FOD TVer 吸血鬼になることへの戸惑いを乗り越え、 ナズナを“好き”になることを決めたコウと、 コウに“惚れさせる”決意をしたナズナ。 「恋」が一体なんなのか、
---
[NG] アニメタイムズ:
見放題先行配信 ABEMA U-NEXT アニメ放題 見放題配信 アニメタイムズ Amazon Prime Video FOD J:COM STREAM dアニメストア DMM TV
---
[NG] Prime Video:
ABEMA U-NEXT アニメ放題 見放題配信 アニメタイムズ Amazon Prime Video FOD J:COM STREAM dアニメストア DMM TV Disney＋
---
[NG] FOD:
U-NEXT アニメ放題 見放題配信 アニメタイムズ Amazon Prime Video FOD J:COM STREAM dアニメストア DMM TV Disney＋ TELASA
---
[NG] dアニメストア:
見放題配信 アニメタイムズ Amazon Prime Video FOD J:COM STREAM dアニメストア DMM TV Disney＋ TELASA Netflix バンダイチャンネル
---
[NG] DMM TV:
アニメタイムズ Amazon Prime Video FOD J:COM STREAM dアニメストア DMM TV Disney＋ TELASA Netflix バンダイチャンネル Hulu
---
[NG] Netflix:
J:COM STREAM dアニメストア DMM TV Disney＋ TELASA Netflix バンダイチャンネル Hulu ふらっと動画 milplus見放題パックプライム Lemino
---
[NG] バンダイチャンネル:
dアニメストア DMM TV Disney＋ TELASA Netflix バンダイチャンネル Hulu ふらっと動画 milplus見放題パックプライム Lemino WOWOWオンデマンド
---
[NG] Hulu:
DMM TV Disney＋ TELASA Netflix バンダイチャンネル Hulu ふらっと動画 milplus見放題パックプライム Lemino WOWOWオンデマンド 都度課金配信
---
[NG] Lemino:
Netflix バンダイチャンネル Hulu ふらっと動画 milplus見放題パックプライム Lemino WOWOWオンデマンド 都度課金配信 Amazon Prime Video カンテレドーガ J:COM STREAM
---
[NG] Prime Video:
ふらっと動画 milplus見放題パックプライム Lemino WOWOWオンデマンド 都度課金配信 Amazon Prime Video カンテレドーガ J:COM STREAM TELASA ニコニコ バンダイチャンネル
---
[NG] バンダイチャンネル:
Amazon Prime Video カンテレドーガ J:COM STREAM TELASA ニコニコ バンダイチャンネル ビデオマーケット music.jp milplus 見逃し無料配信 ABEMA
---
[NG] ABEMA:
バンダイチャンネル ビデオマーケット music.jp milplus 見逃し無料配信 ABEMA TVer ニコニコ Lemino ※配信日時は予告なく変更する場合がございます。詳細は各配信サービスにてご確認ください。 Page Top
---
[NG] Lemino:
milplus 見逃し無料配信 ABEMA TVer ニコニコ Lemino ※配信日時は予告なく変更する場合がございます。詳細は各配信サービスにてご確認ください。 Page Top このサイトに記載されている一切の文書・図版・写真等を、手段や形態を問わず、複製・転載することを禁じます。 ©真倉翔・岡野剛／集英社・童守小学校卒業生一同 TOP
---
[NG] dアニメストア:
ABEMA Prime Video ディズニープラス dアニメストア dアニメストア ニコニコ支店 dアニメストア for Prime Video DMM TV バンダイチャンネル Hulu ニコニコチャンネル U-NEXT
---
[NG] Prime Video:
ABEMA Prime Video ディズニープラス dアニメストア dアニメストア ニコニコ支店 dアニメストア for Prime Video DMM TV バンダイチャンネル Hulu ニコニコチャンネル U-NEXT
---
[NG] dアニメストア for Prime Video:
ABEMA Prime Video ディズニープラス dアニメストア dアニメストア ニコニコ支店 dアニメストア for Prime Video DMM TV バンダイチャンネル Hulu ニコニコチャンネル U-NEXT
---
[NG] DMM TV:
Prime Video ディズニープラス dアニメストア dアニメストア ニコニコ支店 dアニメストア for Prime Video DMM TV バンダイチャンネル Hulu ニコニコチャンネル U-NEXT アニメ放題
---
[NG] バンダイチャンネル:
ディズニープラス dアニメストア dアニメストア ニコニコ支店 dアニメストア for Prime Video DMM TV バンダイチャンネル Hulu ニコニコチャンネル U-NEXT アニメ放題 FOD
---
[NG] Hulu:
dアニメストア dアニメストア ニコニコ支店 dアニメストア for Prime Video DMM TV バンダイチャンネル Hulu ニコニコチャンネル U-NEXT アニメ放題 FOD Lemino
---
[NG] U-NEXT:
dアニメストア for Prime Video DMM TV バンダイチャンネル Hulu ニコニコチャンネル U-NEXT アニメ放題 FOD Lemino AnimeFesta アニメタイムズ
---
[NG] FOD:
順次配信 DMM TV U-NEXT アニメ放題 Amazon Prime Video FOD Hulu Lemino AnimeFesta バンダイチャンネル J:COM STREAM
---
[NG] Hulu:
DMM TV U-NEXT アニメ放題 Amazon Prime Video FOD Hulu Lemino AnimeFesta バンダイチャンネル J:COM STREAM milplus見放題プライム
---
[NG] Lemino:
U-NEXT アニメ放題 Amazon Prime Video FOD Hulu Lemino AnimeFesta バンダイチャンネル J:COM STREAM milplus見放題プライム TELASA
---
[NG] AnimeFesta:
アニメ放題 Amazon Prime Video FOD Hulu Lemino AnimeFesta バンダイチャンネル J:COM STREAM milplus見放題プライム TELASA 都度課金配信
---
[NG] FOD:
順次配信 DMM TV U-NEXT アニメ放題 Amazon Prime Video FOD Hulu Lemino AnimeFesta バンダイチャンネル J:COM STREAM
---
[NG] Hulu:
DMM TV U-NEXT アニメ放題 Amazon Prime Video FOD Hulu Lemino AnimeFesta バンダイチャンネル J:COM STREAM milplus見放題プライム
---
[NG] Lemino:
U-NEXT アニメ放題 Amazon Prime Video FOD Hulu Lemino AnimeFesta バンダイチャンネル J:COM STREAM milplus見放題プライム TELASA
---
[NG] AnimeFesta:
アニメ放題 Amazon Prime Video FOD Hulu Lemino AnimeFesta バンダイチャンネル J:COM STREAM milplus見放題プライム TELASA 都度課金配信
---
[NG] AnimeFesta:
最速配信 dアニメストア ABEMA その他サイトも順次配信予定 見放題サイト AnimeFesta DMM TV ＦＯＤ HAPPY!動画 Hulu J:COM STREAM
---
[NG] DMM TV:
dアニメストア ABEMA その他サイトも順次配信予定 見放題サイト AnimeFesta DMM TV ＦＯＤ HAPPY!動画 Hulu J:COM STREAM Lemino
---
[NG] Hulu:
見放題サイト AnimeFesta DMM TV ＦＯＤ HAPPY!動画 Hulu J:COM STREAM Lemino milplus 見放題パックプライム Netflix
---
[NG] Lemino:
DMM TV ＦＯＤ HAPPY!動画 Hulu J:COM STREAM Lemino milplus 見放題パックプライム Netflix Prime Video Rakuten TV
---
[NG] Netflix:
Hulu J:COM STREAM Lemino milplus 見放題パックプライム Netflix Prime Video Rakuten TV TELASA U-NEXT アニメタイムズ
---
[NG] Prime Video:
J:COM STREAM Lemino milplus 見放題パックプライム Netflix Prime Video Rakuten TV TELASA U-NEXT アニメタイムズ アニメ放題
---
[NG] U-NEXT:
見放題パックプライム Netflix Prime Video Rakuten TV TELASA U-NEXT アニメタイムズ アニメ放題 ニコニコ バンダイチャンネル ムービーフルPlus
---
[NG] アニメタイムズ:
Netflix Prime Video Rakuten TV TELASA U-NEXT アニメタイムズ アニメ放題 ニコニコ バンダイチャンネル ムービーフルPlus PAGE
---
[NG] アニメ放題:
Prime Video Rakuten TV TELASA U-NEXT アニメタイムズ アニメ放題 ニコニコ バンダイチャンネル ムービーフルPlus PAGE TOP
---
[NG] バンダイチャンネル:
TELASA U-NEXT アニメタイムズ アニメ放題 ニコニコ バンダイチャンネル ムービーフルPlus PAGE TOP OFFICIAL SHARE
---
[NG] FOD:
ABEMA AnimeFesta バンダイチャンネル dアニメストア DMM TV FOD Hulu Lemino ニコニコチャンネル Prime Video U-NEXT
---
[NG] DMM TV:
dアニメストア dアニメストア ニコニコ支店 dアニメストア for Prime Video Netflix Disney+ DMM TV FOD アニメフェスタ MBS動画イズム TVer Prime Video
---
[NG] FOD:
dアニメストア ニコニコ支店 dアニメストア for Prime Video Netflix Disney+ DMM TV FOD アニメフェスタ MBS動画イズム TVer Prime Video ニコニコ動画
---
[NG] Prime Video:
DMM TV FOD アニメフェスタ MBS動画イズム TVer Prime Video ニコニコ動画 バンダイチャンネル Hulu J:COM STREAM TELASA
---
[NG] バンダイチャンネル:
アニメフェスタ MBS動画イズム TVer Prime Video ニコニコ動画 バンダイチャンネル Hulu J:COM STREAM TELASA milplus Pontaパス
---
[NG] Hulu:
MBS動画イズム TVer Prime Video ニコニコ動画 バンダイチャンネル Hulu J:COM STREAM TELASA milplus Pontaパス 個別課金サービス
---
[NG] バンダイチャンネル:
カンテレドーガ ニコニコ動画 Prime Video MBS動画イズム HAPPY!動画 バンダイチャンネル J:COM STREAM TELASA milplus ©井上堅二・吉岡公威・講談社／ぐらんぶる２製作委員会
---
[NG] DMM TV:
J:COM STREAM ※毎週日曜正午配信開始予定 TELASA ※毎週日曜正午配信開始予定 Disney+ DMM TV Netflix バンダイチャンネル Hulu Prime Video Pontaパス
---
[NG] Netflix:
※毎週日曜正午配信開始予定 TELASA ※毎週日曜正午配信開始予定 Disney+ DMM TV Netflix バンダイチャンネル Hulu Prime Video Pontaパス ※毎週日曜正午配信開始予定
---
[NG] バンダイチャンネル:
TELASA ※毎週日曜正午配信開始予定 Disney+ DMM TV Netflix バンダイチャンネル Hulu Prime Video Pontaパス ※毎週日曜正午配信開始予定 milplus見放題パックプライム
---
[NG] Hulu:
※毎週日曜正午配信開始予定 Disney+ DMM TV Netflix バンダイチャンネル Hulu Prime Video Pontaパス ※毎週日曜正午配信開始予定 milplus見放題パックプライム ※毎週日曜正午配信開始予定
---
[NG] Prime Video:
Disney+ DMM TV Netflix バンダイチャンネル Hulu Prime Video Pontaパス ※毎週日曜正午配信開始予定 milplus見放題パックプライム ※毎週日曜正午配信開始予定 U-NEXT
---
[NG] バンダイチャンネル:
TELASA ※毎週日曜正午配信開始予定 ニコニコチャンネル HAPPY!動画 ※毎週月曜正午配信開始予定 バンダイチャンネル ビデオマーケット Prime Video milplus ※毎週日曜正午配信開始予定 music.jp
---
[NG] Prime Video:
ニコニコチャンネル HAPPY!動画 ※毎週月曜正午配信開始予定 バンダイチャンネル ビデオマーケット Prime Video milplus ※毎週日曜正午配信開始予定 music.jp ムービーフル ※毎週水曜正午配信開始予定
---
[NG] バンダイチャンネル:
カンテレドーガ J:COM STREAM TELASA ニコニコチャンネル HAPPY!動画 バンダイチャンネル ビデオマーケット Prime Video milplus music.jp ムービーフル
---
[NG] Prime Video:
TELASA ニコニコチャンネル HAPPY!動画 バンダイチャンネル ビデオマーケット Prime Video milplus music.jp ムービーフル ※配信期間は配信サービスによって異なる場合がございます。 詳しくは取扱いの配信サービスにてご確認ください。
---
[NG] ABEMA:
dアニメストア dアニメストア for Prime Video dアニメストア ニコニコ支店 ディズニープラス Netflix ABEMA U-NEXT Hulu DMM TV Lemino バンダイチャンネル
---
[NG] U-NEXT:
dアニメストア for Prime Video dアニメストア ニコニコ支店 ディズニープラス Netflix ABEMA U-NEXT Hulu DMM TV Lemino バンダイチャンネル FOD
---
[NG] Hulu:
dアニメストア ニコニコ支店 ディズニープラス Netflix ABEMA U-NEXT Hulu DMM TV Lemino バンダイチャンネル FOD TELASA（見放題プラン）
---
[NG] DMM TV:
ディズニープラス Netflix ABEMA U-NEXT Hulu DMM TV Lemino バンダイチャンネル FOD TELASA（見放題プラン） J:COM STREAM（見放題）
---
[NG] Lemino:
Netflix ABEMA U-NEXT Hulu DMM TV Lemino バンダイチャンネル FOD TELASA（見放題プラン） J:COM STREAM（見放題） milplus見放題パックプライム
---
[NG] バンダイチャンネル:
ABEMA U-NEXT Hulu DMM TV Lemino バンダイチャンネル FOD TELASA（見放題プラン） J:COM STREAM（見放題） milplus見放題パックプライム アニメ放題
---
[NG] FOD:
U-NEXT Hulu DMM TV Lemino バンダイチャンネル FOD TELASA（見放題プラン） J:COM STREAM（見放題） milplus見放題パックプライム アニメ放題 AnimeFesta
---
[NG] Prime Video:
アニメ放題 バンダイチャンネル AnimeFesta dアニメストア dアニメストア for Prime Video DMM TV FOD Hulu J:COM STREAM Lemino
---
[NG] DMM TV:
バンダイチャンネル AnimeFesta dアニメストア dアニメストア for Prime Video DMM TV FOD Hulu J:COM STREAM Lemino milplus
---
[NG] FOD:
AnimeFesta dアニメストア dアニメストア for Prime Video DMM TV FOD Hulu J:COM STREAM Lemino milplus Prime Video
---
[NG] Hulu:
dアニメストア dアニメストア for Prime Video DMM TV FOD Hulu J:COM STREAM Lemino milplus Prime Video TELASA
---
[NG] Lemino:
for Prime Video DMM TV FOD Hulu J:COM STREAM Lemino milplus Prime Video TELASA U-NEXT ※配信日時は予告なく変更になる場合がございます。
---
[NG] Prime Video:
FOD Hulu J:COM STREAM Lemino milplus Prime Video TELASA U-NEXT ※配信日時は予告なく変更になる場合がございます。 OFFICIAL ACCOUNT
---
[NG] U-NEXT:
J:COM STREAM Lemino milplus Prime Video TELASA U-NEXT ※配信日時は予告なく変更になる場合がございます。 OFFICIAL ACCOUNT © ホークマン・メカルーツ/マッグガーデン/ニャイリビ製作委員会
---
[NG] ABEMA:
VISUAL CHANGE NEWS 最新情報 ALL NEWS 2025. 08. 22 8/23に若山詩音＆花江夏樹出演ABEMA特番放送！ DETAIL → 2025. 08. 22 追加キャスト発表！坂田金太役は藤原大智 DETAIL → 2025. 08. 22
---
[NG] アニメタイムズ:
ABEMA MBS動画イズム TVer ニコニコ 見放題 アニメタイムズ アニメ放題 ABEMA abceed FOD J:COM STREAM
---
[NG] アニメ放題:
MBS動画イズム TVer ニコニコ 見放題 アニメタイムズ アニメ放題 ABEMA abceed FOD J:COM STREAM DMM TV
---
[NG] ABEMA:
TVer ニコニコ 見放題 アニメタイムズ アニメ放題 ABEMA abceed FOD J:COM STREAM DMM TV TELASA
---
[NG] FOD:
見放題 アニメタイムズ アニメ放題 ABEMA abceed FOD J:COM STREAM DMM TV TELASA dアニメストア ニコニコ
---
[NG] DMM TV:
アニメ放題 ABEMA abceed FOD J:COM STREAM DMM TV TELASA dアニメストア ニコニコ Netflix バンダイチャンネル
---
[NG] dアニメストア:
abceed FOD J:COM STREAM DMM TV TELASA dアニメストア ニコニコ Netflix バンダイチャンネル Hulu Prime Video
---
[NG] Netflix:
J:COM STREAM DMM TV TELASA dアニメストア ニコニコ Netflix バンダイチャンネル Hulu Prime Video ふらっと動画 Pontaパス
---
[NG] バンダイチャンネル:
DMM TV TELASA dアニメストア ニコニコ Netflix バンダイチャンネル Hulu Prime Video ふらっと動画 Pontaパス milplus
---
[NG] Hulu:
TELASA dアニメストア ニコニコ Netflix バンダイチャンネル Hulu Prime Video ふらっと動画 Pontaパス milplus U-NEXT
---
[NG] Prime Video:
dアニメストア ニコニコ Netflix バンダイチャンネル Hulu Prime Video ふらっと動画 Pontaパス milplus U-NEXT Lemino
---
[NG] U-NEXT:
Hulu Prime Video ふらっと動画 Pontaパス milplus U-NEXT Lemino WOWOWオンデマンド 各話購入 HAPPY!動画 MBS動画イズム
---
[NG] Lemino:
Prime Video ふらっと動画 Pontaパス milplus U-NEXT Lemino WOWOWオンデマンド 各話購入 HAPPY!動画 MBS動画イズム ニコニコ
---
[NG] Lemino:
dアニメストア U-NEXT アニメ放題 niconico (ニコニコ生放送／ニコニコチャンネル） Lemino DMM TV バンダイチャンネル Hulu アニメフェスタ FOD
---
[NG] DMM TV:
U-NEXT アニメ放題 niconico (ニコニコ生放送／ニコニコチャンネル） Lemino DMM TV バンダイチャンネル Hulu アニメフェスタ FOD TELASA
---
[NG] バンダイチャンネル:
アニメ放題 niconico (ニコニコ生放送／ニコニコチャンネル） Lemino DMM TV バンダイチャンネル Hulu アニメフェスタ FOD TELASA （見放題プラン）
---
[NG] Hulu:
niconico (ニコニコ生放送／ニコニコチャンネル） Lemino DMM TV バンダイチャンネル Hulu アニメフェスタ FOD TELASA （見放題プラン） J:COM　STREAM
---
[NG] FOD:
Lemino DMM TV バンダイチャンネル Hulu アニメフェスタ FOD TELASA （見放題プラン） J:COM　STREAM milplus 見放題パックプライム
---
[NG] Prime Video:
見放題パックプライム WOWOW オンデマンド カンテレドーガ TVer Prime Video ディズニープラス Netflix 《都度課金サイト》 HAPPY!動画 Rakuten TV
---
[NG] Netflix:
オンデマンド カンテレドーガ TVer Prime Video ディズニープラス Netflix 《都度課金サイト》 HAPPY!動画 Rakuten TV ※放送・配信日時は変更となる場合がございます。 中高一貫の男子校に通う江間譲二は、
---
[NG] アニメ放題:
見放題配信 Lemino アニメタイムズ dアニメストア U-NEXT アニメ放題 バンダイチャンネル J:COM STREAM TELASA milplus（みるプラス） NETFLIX
---
[NG] バンダイチャンネル:
Lemino アニメタイムズ dアニメストア U-NEXT アニメ放題 バンダイチャンネル J:COM STREAM TELASA milplus（みるプラス） NETFLIX FOD
---
[NG] FOD:
バンダイチャンネル J:COM STREAM TELASA milplus（みるプラス） NETFLIX FOD Disney＋ AnimeFesta DMM TV WOWOWオンデマンド ABEMA
---
[NG] AnimeFesta:
TELASA milplus（みるプラス） NETFLIX FOD Disney＋ AnimeFesta DMM TV WOWOWオンデマンド ABEMA レンタル配信 Rakuten TV
---
[NG] DMM TV:
milplus（みるプラス） NETFLIX FOD Disney＋ AnimeFesta DMM TV WOWOWオンデマンド ABEMA レンタル配信 Rakuten TV カンテレドーガ
---
[NG] ABEMA:
FOD Disney＋ AnimeFesta DMM TV WOWOWオンデマンド ABEMA レンタル配信 Rakuten TV カンテレドーガ music.jp ビデオマーケット
---
[NG] バンダイチャンネル:
music.jp ビデオマーケット ニコニコチャンネル HAPPY！動画 ムービーフル＋ バンダイチャンネル J:COM STREAM TELASA milplus（みるプラス） 一部サービスは放送連動期間後の配信となります
---
[NG] Lemino:
から配信開始 Prime Video ABEMA U-NEXT アニメ放題 Lemino DMM TV AnimeFesta バンダイチャンネル Hulu FOD
---
[NG] DMM TV:
Prime Video ABEMA U-NEXT アニメ放題 Lemino DMM TV AnimeFesta バンダイチャンネル Hulu FOD FODチャンネル
---
[NG] AnimeFesta:
ABEMA U-NEXT アニメ放題 Lemino DMM TV AnimeFesta バンダイチャンネル Hulu FOD FODチャンネル for Prime Video
---
[NG] バンダイチャンネル:
U-NEXT アニメ放題 Lemino DMM TV AnimeFesta バンダイチャンネル Hulu FOD FODチャンネル for Prime Video ニコニコチャンネル
---
[NG] DMM TV:
地上波先行一斉配信！ Amazon Prime Video U-NEXT dアニメストア ABEMA DMM TV バンダイチャンネル FOD Lemino ニコニコチャンネル ニコニコ生放送
---
[NG] バンダイチャンネル:
Amazon Prime Video U-NEXT dアニメストア ABEMA DMM TV バンダイチャンネル FOD Lemino ニコニコチャンネル ニコニコ生放送 アニメタイムズ
---
[NG] FOD:
U-NEXT dアニメストア ABEMA DMM TV バンダイチャンネル FOD Lemino ニコニコチャンネル ニコニコ生放送 アニメタイムズ アニメ放題
---
[NG] Lemino:
dアニメストア ABEMA DMM TV バンダイチャンネル FOD Lemino ニコニコチャンネル ニコニコ生放送 アニメタイムズ アニメ放題 AnimeFesta
---
[NG] アニメタイムズ:
バンダイチャンネル FOD Lemino ニコニコチャンネル ニコニコ生放送 アニメタイムズ アニメ放題 AnimeFesta HAPPY!動画 J:COM STREAM milplus
---
[NG] アニメ放題:
FOD Lemino ニコニコチャンネル ニコニコ生放送 アニメタイムズ アニメ放題 AnimeFesta HAPPY!動画 J:COM STREAM milplus TELASA
---
[NG] AnimeFesta:
Lemino ニコニコチャンネル ニコニコ生放送 アニメタイムズ アニメ放題 AnimeFesta HAPPY!動画 J:COM STREAM milplus TELASA Pontaパス
---
[NG] アニメ放題:
▼見放題サイト TVer タカラトミーチャンネル（YouTube） ネットもテレ東 U-NEXT アニメ放題 J:COM STREAM TELASA みるプラス Lemino Spoox Powered by Lemino
---
[NG] Lemino:
U-NEXT アニメ放題 J:COM STREAM TELASA みるプラス Lemino Spoox Powered by Lemino Amazon Prime Video dアニメストア ABEMA FOD
---
[NG] Lemino:
アニメ放題 J:COM STREAM TELASA みるプラス Lemino Spoox Powered by Lemino Amazon Prime Video dアニメストア ABEMA FOD DMM TV
---
[NG] Prime Video:
J:COM STREAM TELASA みるプラス Lemino Spoox Powered by Lemino Amazon Prime Video dアニメストア ABEMA FOD DMM TV ▼都度課金サイト
---
[NG] dアニメストア:
TELASA みるプラス Lemino Spoox Powered by Lemino Amazon Prime Video dアニメストア ABEMA FOD DMM TV ▼都度課金サイト Rakuten TV
---
[NG] ABEMA:
みるプラス Lemino Spoox Powered by Lemino Amazon Prime Video dアニメストア ABEMA FOD DMM TV ▼都度課金サイト Rakuten TV Google Play/YouTube
---
[NG] FOD:
Lemino Spoox Powered by Lemino Amazon Prime Video dアニメストア ABEMA FOD DMM TV ▼都度課金サイト Rakuten TV Google Play/YouTube Amazon Prime Video
---
[NG] DMM TV:
Spoox Powered by Lemino Amazon Prime Video dアニメストア ABEMA FOD DMM TV ▼都度課金サイト Rakuten TV Google Play/YouTube Amazon Prime Video J:COM STREAM
---
[NG] Prime Video:
FOD DMM TV ▼都度課金サイト Rakuten TV Google Play/YouTube Amazon Prime Video J:COM STREAM TELASA みるプラス おしらせ エピソード
---
[NG] U-NEXT:
スポーツ 動画 ネットもテレ東 TVer テレ東BIZ U-NEXT テレビ東京オンデマンド テレ東 YouTube公式チャンネル ＢＳテレ東 YouTube公式チャンネル ショッピング・トラベル テレ東本舗。WEB
---
[NG] Hulu:
Prime Video dアニメストア Netflix DMM TV バンダイチャンネル Hulu U-NEXT アニメ放題 FOD ABEMA Lemino
---
[NG] U-NEXT:
dアニメストア Netflix DMM TV バンダイチャンネル Hulu U-NEXT アニメ放題 FOD ABEMA Lemino AnimeFesta
---
[NG] アニメ放題:
Netflix DMM TV バンダイチャンネル Hulu U-NEXT アニメ放題 FOD ABEMA Lemino AnimeFesta ディズニープラス
---
[NG] FOD:
DMM TV バンダイチャンネル Hulu U-NEXT アニメ放題 FOD ABEMA Lemino AnimeFesta ディズニープラス アニメタイムズ
---
[NG] dアニメストア:
Streaming 配信情報 ABEMA Amazon Prime Video DMM TV dアニメストア FOD Hulu J:COM STREAM LEMINO Locipo
---
[NG] FOD:
配信情報 ABEMA Amazon Prime Video DMM TV dアニメストア FOD Hulu J:COM STREAM LEMINO Locipo music.jp
---
[NG] Hulu:
ABEMA Amazon Prime Video DMM TV dアニメストア FOD Hulu J:COM STREAM LEMINO Locipo music.jp milplus（みるプラス）
---
[NG] U-NEXT:
LEMINO Locipo music.jp milplus（みるプラス） TELASA U-NEXT カンテレドーガ バンダイチャンネル ビデオマーケット ニコニコ ※配信・放送開始日、時間は変更となる場合がございます。予めご了承ください。
---
[NG] バンダイチャンネル:
music.jp milplus（みるプラス） TELASA U-NEXT カンテレドーガ バンダイチャンネル ビデオマーケット ニコニコ ※配信・放送開始日、時間は変更となる場合がございます。予めご了承ください。 Home News
---
[NG] Lemino:
dアニメストア U-NEXT アニメ放題 niconico (ニコニコ生放送／ニコニコチャンネル） Lemino DMM TV バンダイチャンネル Hulu アニメフェスタ FOD
---
[NG] DMM TV:
U-NEXT アニメ放題 niconico (ニコニコ生放送／ニコニコチャンネル） Lemino DMM TV バンダイチャンネル Hulu アニメフェスタ FOD TELASA
---
[NG] バンダイチャンネル:
アニメ放題 niconico (ニコニコ生放送／ニコニコチャンネル） Lemino DMM TV バンダイチャンネル Hulu アニメフェスタ FOD TELASA （見放題プラン）
---
[NG] Hulu:
niconico (ニコニコ生放送／ニコニコチャンネル） Lemino DMM TV バンダイチャンネル Hulu アニメフェスタ FOD TELASA （見放題プラン） J:COM　STREAM
---
[NG] FOD:
Lemino DMM TV バンダイチャンネル Hulu アニメフェスタ FOD TELASA （見放題プラン） J:COM　STREAM milplus 見放題パックプライム
---
[NG] Prime Video:
見放題パックプライム WOWOW オンデマンド カンテレドーガ TVer Prime Video ディズニープラス Netflix 《都度課金サイト》 HAPPY!動画 Rakuten TV
---
[NG] Netflix:
オンデマンド カンテレドーガ TVer Prime Video ディズニープラス Netflix 《都度課金サイト》 HAPPY!動画 Rakuten TV ※放送・配信日時は変更となる場合がございます。 合唱部の部長・岡 聡実は、
---
[NG] Lemino:
（詳細は各サイトでご確認ください） ＜見放題サイト＞ U-NEXT アニメ放題 niconico(ニコニコ生放送／ニコニコチャンネル） Lemino DMM TV バンダイチャンネル Hulu アニメフェスタ FOD
---
[NG] DMM TV:
＜見放題サイト＞ U-NEXT アニメ放題 niconico(ニコニコ生放送／ニコニコチャンネル） Lemino DMM TV バンダイチャンネル Hulu アニメフェスタ FOD TELASA（見放題プラン）
---
[NG] バンダイチャンネル:
U-NEXT アニメ放題 niconico(ニコニコ生放送／ニコニコチャンネル） Lemino DMM TV バンダイチャンネル Hulu アニメフェスタ FOD TELASA（見放題プラン） J:COM　STREAM
---
[NG] Hulu:
アニメ放題 niconico(ニコニコ生放送／ニコニコチャンネル） Lemino DMM TV バンダイチャンネル Hulu アニメフェスタ FOD TELASA（見放題プラン） J:COM　STREAM milplus　見放題パックプライム
---
[NG] FOD:
Lemino DMM TV バンダイチャンネル Hulu アニメフェスタ FOD TELASA（見放題プラン） J:COM　STREAM milplus　見放題パックプライム Prime Video ＜都度課金サイト＞
---
[NG] Prime Video:
アニメフェスタ FOD TELASA（見放題プラン） J:COM　STREAM milplus　見放題パックプライム Prime Video ＜都度課金サイト＞ HAPPY!動画 Rakuten TV ※放送・配信日時は予告なく変更になる場合がございます。 予めご了承下さい。
---
[NG] dアニメストア:
ABEMAプレミアム Amazon Prime Video Disney+（ディズニープラス） DMM TV dアニメストア dアニメストア for Prime Video dアニメストア ニコニコ支店 FOD Hulu J:COM STREAM Lemino
---
[NG] Prime Video:
ABEMAプレミアム Amazon Prime Video Disney+（ディズニープラス） DMM TV dアニメストア dアニメストア for Prime Video dアニメストア ニコニコ支店 FOD Hulu J:COM STREAM Lemino
---
[NG] dアニメストア for Prime Video:
ABEMAプレミアム Amazon Prime Video Disney+（ディズニープラス） DMM TV dアニメストア dアニメストア for Prime Video dアニメストア ニコニコ支店 FOD Hulu J:COM STREAM Lemino
---
[NG] dアニメストア:
Amazon Prime Video Disney+（ディズニープラス） DMM TV dアニメストア dアニメストア for Prime Video dアニメストア ニコニコ支店 FOD Hulu J:COM STREAM Lemino milplus
---
[NG] FOD:
Disney+（ディズニープラス） DMM TV dアニメストア dアニメストア for Prime Video dアニメストア ニコニコ支店 FOD Hulu J:COM STREAM Lemino milplus Netflix
---
[NG] Hulu:
DMM TV dアニメストア dアニメストア for Prime Video dアニメストア ニコニコ支店 FOD Hulu J:COM STREAM Lemino milplus Netflix TELASA
---
[NG] Lemino:
dアニメストア for Prime Video dアニメストア ニコニコ支店 FOD Hulu J:COM STREAM Lemino milplus Netflix TELASA TELASA（Pontaパス） WOWOWオンデマンド
---
[NG] Netflix:
FOD Hulu J:COM STREAM Lemino milplus Netflix TELASA TELASA（Pontaパス） WOWOWオンデマンド アニメタイムズ アニメ放題
---
[NG] アニメタイムズ:
milplus Netflix TELASA TELASA（Pontaパス） WOWOWオンデマンド アニメタイムズ アニメ放題 ニコニコチャンネル バンダイチャンネル ふらっと動画 2025年
---
[NG] U-NEXT:
TBS NEWS DIG Powered by JNN TBS CROSS DIG with Bloomberg CS TBS NEWS TBS FREE TVer U-NEXT エンターテインメント 映画 TBSチケット Blu-ray・DVD 赤坂サカス
---
[NG] U-NEXT:
地上波同時・単独最速配信 ABEMA 見放題サイト ｄアニメストア niconico（ニコニコ生放送／ニコニコチャンネル） U-NEXT アニメ放題 Lemino バンダイチャンネル Hulu DMM TV
---
[NG] アニメ放題:
ABEMA 見放題サイト ｄアニメストア niconico（ニコニコ生放送／ニコニコチャンネル） U-NEXT アニメ放題 Lemino バンダイチャンネル Hulu DMM TV TELASA
---
[NG] Lemino:
見放題サイト ｄアニメストア niconico（ニコニコ生放送／ニコニコチャンネル） U-NEXT アニメ放題 Lemino バンダイチャンネル Hulu DMM TV TELASA J:COM STREAM
---
[NG] バンダイチャンネル:
ｄアニメストア niconico（ニコニコ生放送／ニコニコチャンネル） U-NEXT アニメ放題 Lemino バンダイチャンネル Hulu DMM TV TELASA J:COM STREAM milplus 見放題パックプライム
---
[NG] Hulu:
niconico（ニコニコ生放送／ニコニコチャンネル） U-NEXT アニメ放題 Lemino バンダイチャンネル Hulu DMM TV TELASA J:COM STREAM milplus 見放題パックプライム Prime Video
---
[NG] DMM TV:
U-NEXT アニメ放題 Lemino バンダイチャンネル Hulu DMM TV TELASA J:COM STREAM milplus 見放題パックプライム Prime Video FOD
---
[NG] Prime Video:
Hulu DMM TV TELASA J:COM STREAM milplus 見放題パックプライム Prime Video FOD アニメフェスタ 都度課金サイト Rakuten TV HAPPY!動画
---
[NG] FOD:
DMM TV TELASA J:COM STREAM milplus 見放題パックプライム Prime Video FOD アニメフェスタ 都度課金サイト Rakuten TV HAPPY!動画 ムービーフル
---
[NG] FOD:
U-NEXT アニメ放題 DMM TV ABEMA プレミアム Anime Festa FOD Hulu TELASA J：COM STREAM milplus バンダイチャンネル
---
[NG] Hulu:
アニメ放題 DMM TV ABEMA プレミアム Anime Festa FOD Hulu TELASA J：COM STREAM milplus バンダイチャンネル ふらっと動画
---
[NG] dアニメストア:
ABEMAプレミアム Amazon Prime Video DMM TV dアニメストア dアニメストア for Prime Video dアニメストア ニコニコ支店 FOD Hulu Lemino U-NEXT アニメ放題
---
[NG] FOD:
Amazon Prime Video DMM TV dアニメストア dアニメストア for Prime Video dアニメストア ニコニコ支店 FOD Hulu Lemino U-NEXT アニメ放題 バンダイチャンネル
---
[NG] ABEMA:
ｄアニメストア U-NEXT アニメ放題 アニメタイムズ Lemino ABEMA ふらっと動画 FOD TELASA(SVOD) J:COM STREAM(SVOD) milplus(SVOD)
---
[NG] FOD:
アニメ放題 アニメタイムズ Lemino ABEMA ふらっと動画 FOD TELASA(SVOD) J:COM STREAM(SVOD) milplus(SVOD) ニコニコ TELASA(TVOD)
---
[NG] ABEMA:
配信開始 dアニメストア DMM TV U-NEXT アニメ放題 ABEMA Lemino Amazon プライムビデオ Hulu FOD
---
[NG] Lemino:
dアニメストア DMM TV U-NEXT アニメ放題 ABEMA Lemino Amazon プライムビデオ Hulu FOD TELASA
---
[NG] Hulu:
アニメ放題 ABEMA Lemino Amazon プライムビデオ Hulu FOD TELASA J:COM STREAM Pontaパス milplus
---
[NG] FOD:
ABEMA Lemino Amazon プライムビデオ Hulu FOD TELASA J:COM STREAM Pontaパス milplus Anime Festa
---
[NG] DMM TV:
各配信サービスにて順次配信開始！ 見放題配信サービス ABEMA Amazon Prime Video AnimeFesta DMM TV dアニメストア FOD Hulu Lemino U-NEXT
---
[NG] dアニメストア:
見放題配信サービス ABEMA Amazon Prime Video AnimeFesta DMM TV dアニメストア FOD Hulu Lemino U-NEXT アニメ放題
---
[NG] FOD:
ABEMA Amazon Prime Video AnimeFesta DMM TV dアニメストア FOD Hulu Lemino U-NEXT アニメ放題 バンダイチャンネル
---
[NG] Hulu:
Amazon Prime Video AnimeFesta DMM TV dアニメストア FOD Hulu Lemino U-NEXT アニメ放題 バンダイチャンネル 各話購入サービス
---
[NG] Lemino:
AnimeFesta DMM TV dアニメストア FOD Hulu Lemino U-NEXT アニメ放題 バンダイチャンネル 各話購入サービス Amazonビデオ
---
[NG] U-NEXT:
DMM TV dアニメストア FOD Hulu Lemino U-NEXT アニメ放題 バンダイチャンネル 各話購入サービス Amazonビデオ Rakuten TV
---
[NG] アニメ放題:
dアニメストア FOD Hulu Lemino U-NEXT アニメ放題 バンダイチャンネル 各話購入サービス Amazonビデオ Rakuten TV ニコニコチャンネル
---
[NG] バンダイチャンネル:
FOD Hulu Lemino U-NEXT アニメ放題 バンダイチャンネル 各話購入サービス Amazonビデオ Rakuten TV ニコニコチャンネル バンダイチャンネル
---
[NG] AnimeFesta:
最速配信 dアニメストア ABEMA その他サイトも順次配信予定 見放題サイト AnimeFesta DMM TV ＦＯＤ HAPPY!動画 Hulu J:COM STREAM
---
[NG] DMM TV:
dアニメストア ABEMA その他サイトも順次配信予定 見放題サイト AnimeFesta DMM TV ＦＯＤ HAPPY!動画 Hulu J:COM STREAM Lemino
---
[NG] Hulu:
見放題サイト AnimeFesta DMM TV ＦＯＤ HAPPY!動画 Hulu J:COM STREAM Lemino milplus 見放題パックプライム Netflix
---
[NG] Lemino:
DMM TV ＦＯＤ HAPPY!動画 Hulu J:COM STREAM Lemino milplus 見放題パックプライム Netflix Prime Video Rakuten TV
---
[NG] Netflix:
Hulu J:COM STREAM Lemino milplus 見放題パックプライム Netflix Prime Video Rakuten TV TELASA U-NEXT アニメタイムズ
---
[NG] Prime Video:
J:COM STREAM Lemino milplus 見放題パックプライム Netflix Prime Video Rakuten TV TELASA U-NEXT アニメタイムズ アニメ放題
---
[NG] U-NEXT:
見放題パックプライム Netflix Prime Video Rakuten TV TELASA U-NEXT アニメタイムズ アニメ放題 ニコニコ バンダイチャンネル ムービーフルPlus
---
[NG] アニメタイムズ:
Netflix Prime Video Rakuten TV TELASA U-NEXT アニメタイムズ アニメ放題 ニコニコ バンダイチャンネル ムービーフルPlus PAGE
---
[NG] アニメ放題:
Prime Video Rakuten TV TELASA U-NEXT アニメタイムズ アニメ放題 ニコニコ バンダイチャンネル ムービーフルPlus PAGE TOP
---
[NG] バンダイチャンネル:
TELASA U-NEXT アニメタイムズ アニメ放題 ニコニコ バンダイチャンネル ムービーフルPlus PAGE TOP OFFICIAL SHARE
---
[NG] Prime Video:
ABEMA Disney＋ DMM TV FOD アニメフェスタ Prime Video ニコニコ動画 TVer バンダイチャンネル Hulu J:COM STREAM
---
[NG] バンダイチャンネル:
FOD アニメフェスタ Prime Video ニコニコ動画 TVer バンダイチャンネル Hulu J:COM STREAM TELASA milplus Pontaパス
---
[NG] Hulu:
アニメフェスタ Prime Video ニコニコ動画 TVer バンダイチャンネル Hulu J:COM STREAM TELASA milplus Pontaパス 【個別課金サービス】
---
[NG] バンダイチャンネル:
music.jp カンテレドーガ ニコニコ動画 Prime Video HAPPY!動画 バンダイチャンネル J:COM STREAM TELASA milplus ©二階堂幸／講談社 ©二階堂幸・講談社／雨と君と製作委員会
---
[NG] ABEMA:
dアニメストア U-NEXT アニメ放題 アニメタイムズ Lemino ABEMA FOD ふらっと動画 TELASA(SVOD) J:COM STREAM(TVOD) milplus(SVOD)
---
[NG] FOD:
U-NEXT アニメ放題 アニメタイムズ Lemino ABEMA FOD ふらっと動画 TELASA(SVOD) J:COM STREAM(TVOD) milplus(SVOD) ビデオマーケット(TVOD)
---
[NG] U-NEXT:
dアニメストア dアニメストア ニコニコ支店 dアニメストア for Prime Video FOD ABEMAプレミアム U-NEXT アニメ放題 バンダイチャンネル Hulu Lemino Netflix
---
[NG] アニメ放題:
dアニメストア ニコニコ支店 dアニメストア for Prime Video FOD ABEMAプレミアム U-NEXT アニメ放題 バンダイチャンネル Hulu Lemino Netflix DMM TV
---
[NG] バンダイチャンネル:
dアニメストア for Prime Video FOD ABEMAプレミアム U-NEXT アニメ放題 バンダイチャンネル Hulu Lemino Netflix DMM TV アニメタイムズ
---
[NG] Hulu:
FOD ABEMAプレミアム U-NEXT アニメ放題 バンダイチャンネル Hulu Lemino Netflix DMM TV アニメタイムズ AnimeFesta
---
[NG] アニメ放題:
各配信サイトにて順次配信開始！ 詳細は各サイトでチェック！ 見放題サイト ABEMA U-NEXT アニメ放題 niconico （ニコニコ生放送／ニコニコチャンネル） DMM TV FOD バンダイチャンネル
---
[NG] DMM TV:
ABEMA U-NEXT アニメ放題 niconico （ニコニコ生放送／ニコニコチャンネル） DMM TV FOD バンダイチャンネル Hulu TELASA （見放題プラン）
---
[NG] FOD:
U-NEXT アニメ放題 niconico （ニコニコ生放送／ニコニコチャンネル） DMM TV FOD バンダイチャンネル Hulu TELASA （見放題プラン） J:COM STREAM
---
[NG] バンダイチャンネル:
アニメ放題 niconico （ニコニコ生放送／ニコニコチャンネル） DMM TV FOD バンダイチャンネル Hulu TELASA （見放題プラン） J:COM STREAM milplus
---
[NG] Hulu:
niconico （ニコニコ生放送／ニコニコチャンネル） DMM TV FOD バンダイチャンネル Hulu TELASA （見放題プラン） J:COM STREAM milplus 見放題パックプライム
---
[NG] Prime Video:
TELASA （見放題プラン） J:COM STREAM milplus 見放題パックプライム Prime Video アニメフェスタ 都度課金サイト HAPPY!動画 Rakuten TV ※配信日時は変更になる場合がございます。
---
[NG] FOD:
見放題配信 Amazon Prime Video Hulu dアニメストア ABEMA FOD DMM TV AnimeFesta バンダイチャンネル TELASA J:COMSTREAM
---
[NG] DMM TV:
Amazon Prime Video Hulu dアニメストア ABEMA FOD DMM TV AnimeFesta バンダイチャンネル TELASA J:COMSTREAM milplus
---
[NG] AnimeFesta:
Hulu dアニメストア ABEMA FOD DMM TV AnimeFesta バンダイチャンネル TELASA J:COMSTREAM milplus Pontaパス
---
[NG] バンダイチャンネル:
dアニメストア ABEMA FOD DMM TV AnimeFesta バンダイチャンネル TELASA J:COMSTREAM milplus Pontaパス 都度課金
---
[NG] Prime Video:
milplus Pontaパス 都度課金 HAPPY動画 Google TV Amazon Prime Video ニコニコチャンネル Rakuten TV バンダイチャンネル TELASA J:COMSTREAM
---
[NG] バンダイチャンネル:
HAPPY動画 Google TV Amazon Prime Video ニコニコチャンネル Rakuten TV バンダイチャンネル TELASA J:COMSTREAM milplus 無料配信 Lemino
---
[NG] Lemino:
バンダイチャンネル TELASA J:COMSTREAM milplus 無料配信 Lemino TVer ネットもテレ東 ニコニコ生放送 ニコニコチャンネル ABEMA
---
[NG] ABEMA:
Lemino TVer ネットもテレ東 ニコニコ生放送 ニコニコチャンネル ABEMA Rチャンネル 「赤塚不二夫TV」 Rチャンネル「アニメch」 おそ松さん公式Ｘ おそ松さん公式YouTube
---
[NG] dアニメストア:
最新話を配信！ TVer Amazon Prime Video J:COM STREAM dアニメストア DMM TV TELASA バンダイチャンネル みるプラス U-NEXT
---
[NG] DMM TV:
TVer Amazon Prime Video J:COM STREAM dアニメストア DMM TV TELASA バンダイチャンネル みるプラス U-NEXT Lemino
---
[NG] バンダイチャンネル:
Prime Video J:COM STREAM dアニメストア DMM TV TELASA バンダイチャンネル みるプラス U-NEXT Lemino Spoox Powered by Lemino
---
[NG] U-NEXT:
dアニメストア DMM TV TELASA バンダイチャンネル みるプラス U-NEXT Lemino Spoox Powered by Lemino アニメ放題 アニメタイムズ
---
[NG] Lemino:
DMM TV TELASA バンダイチャンネル みるプラス U-NEXT Lemino Spoox Powered by Lemino アニメ放題 アニメタイムズ Prairie Kids
---
[NG] Lemino:
バンダイチャンネル みるプラス U-NEXT Lemino Spoox Powered by Lemino アニメ放題 アニメタイムズ Prairie Kids ABEMA キャスト
---
[NG] アニメ放題:
みるプラス U-NEXT Lemino Spoox Powered by Lemino アニメ放題 アニメタイムズ Prairie Kids ABEMA キャスト 整太／
---
[NG] アニメタイムズ:
U-NEXT Lemino Spoox Powered by Lemino アニメ放題 アニメタイムズ Prairie Kids ABEMA キャスト 整太／ 理子
---
[NG] ABEMA:
Spoox Powered by Lemino アニメ放題 アニメタイムズ Prairie Kids ABEMA キャスト 整太／ 理子 千菅春香 メッセージ
---
[NG] dアニメストア:
TV ※放送日時は予告なく変更となる場合がございます。 STREAMING オンエア版 見放題配信 dアニメストア U-NEXT アニメ放題 ABEMA niconico (ニコニコ生放送／ニコニコチャンネル)
---
[NG] U-NEXT:
※放送日時は予告なく変更となる場合がございます。 STREAMING オンエア版 見放題配信 dアニメストア U-NEXT アニメ放題 ABEMA niconico (ニコニコ生放送／ニコニコチャンネル) DMM TV
---
[NG] アニメ放題:
STREAMING オンエア版 見放題配信 dアニメストア U-NEXT アニメ放題 ABEMA niconico (ニコニコ生放送／ニコニコチャンネル) DMM TV Lemino
---
[NG] ABEMA:
オンエア版 見放題配信 dアニメストア U-NEXT アニメ放題 ABEMA niconico (ニコニコ生放送／ニコニコチャンネル) DMM TV Lemino FOD
---
[NG] DMM TV:
U-NEXT アニメ放題 ABEMA niconico (ニコニコ生放送／ニコニコチャンネル) DMM TV Lemino FOD バンダイチャンネル Hulu TELASA(見放題プラン)
---
[NG] Lemino:
アニメ放題 ABEMA niconico (ニコニコ生放送／ニコニコチャンネル) DMM TV Lemino FOD バンダイチャンネル Hulu TELASA(見放題プラン) J:COM STREAM
---
[NG] FOD:
ABEMA niconico (ニコニコ生放送／ニコニコチャンネル) DMM TV Lemino FOD バンダイチャンネル Hulu TELASA(見放題プラン) J:COM STREAM milplus 見放題パックプライム
---
[NG] バンダイチャンネル:
niconico (ニコニコ生放送／ニコニコチャンネル) DMM TV Lemino FOD バンダイチャンネル Hulu TELASA(見放題プラン) J:COM STREAM milplus 見放題パックプライム Prime Video
---
[NG] Hulu:
(ニコニコ生放送／ニコニコチャンネル) DMM TV Lemino FOD バンダイチャンネル Hulu TELASA(見放題プラン) J:COM STREAM milplus 見放題パックプライム Prime Video アニメフェスタ
---
[NG] Prime Video:
バンダイチャンネル Hulu TELASA(見放題プラン) J:COM STREAM milplus 見放題パックプライム Prime Video アニメフェスタ TBS FREE Tver 都度課金配信 HAPPY!動画
---
[NG] dアニメストア:
都度課金配信 HAPPY!動画 Rakuten TV ディレクターズカット版 見放題配信 dアニメストア U-NEXT アニメ放題 ABEMA DMM TV Lemino
---
[NG] U-NEXT:
HAPPY!動画 Rakuten TV ディレクターズカット版 見放題配信 dアニメストア U-NEXT アニメ放題 ABEMA DMM TV Lemino FOD
---
[NG] アニメ放題:
Rakuten TV ディレクターズカット版 見放題配信 dアニメストア U-NEXT アニメ放題 ABEMA DMM TV Lemino FOD TELASA(見放題プラン)
---
[NG] ABEMA:
ディレクターズカット版 見放題配信 dアニメストア U-NEXT アニメ放題 ABEMA DMM TV Lemino FOD TELASA(見放題プラン) J:COM STREAM
---
[NG] DMM TV:
見放題配信 dアニメストア U-NEXT アニメ放題 ABEMA DMM TV Lemino FOD TELASA(見放題プラン) J:COM STREAM milplus 見放題パックプライム
---
[NG] Lemino:
dアニメストア U-NEXT アニメ放題 ABEMA DMM TV Lemino FOD TELASA(見放題プラン) J:COM STREAM milplus 見放題パックプライム Prime Video
---
[NG] FOD:
U-NEXT アニメ放題 ABEMA DMM TV Lemino FOD TELASA(見放題プラン) J:COM STREAM milplus 見放題パックプライム Prime Video アニメフェスタ
---
[NG] Prime Video:
Lemino FOD TELASA(見放題プラン) J:COM STREAM milplus 見放題パックプライム Prime Video アニメフェスタ ※放送スケジュール等の都合により、配信スケジュールは変更になる場合がございます。予めご了承ください。 BACK TO TOP © KAMITSUBAKI STUDIO/SINKA ANIMATION PROJECT close
---
[NG] ABEMA:
へ) Amazon、Prime Video及びこれらに関連するすべての商標は、Amazon.com, Inc. 又はその関連会社の商標です。 ※放送・配信日時は変更となる場合がございます。 オリジナル版 見放題サイト ABEMA dアニメストア U-NEXT アニメ放題 Lemino DMM TV
---
[NG] dアニメストア:
Amazon、Prime Video及びこれらに関連するすべての商標は、Amazon.com, Inc. 又はその関連会社の商標です。 ※放送・配信日時は変更となる場合がございます。 オリジナル版 見放題サイト ABEMA dアニメストア U-NEXT アニメ放題 Lemino DMM TV アニメフェスタ
---
[NG] U-NEXT:
※放送・配信日時は変更となる場合がございます。 オリジナル版 見放題サイト ABEMA dアニメストア U-NEXT アニメ放題 Lemino DMM TV アニメフェスタ FOD
---
[NG] アニメ放題:
オリジナル版 見放題サイト ABEMA dアニメストア U-NEXT アニメ放題 Lemino DMM TV アニメフェスタ FOD TELASA
---
[NG] Lemino:
見放題サイト ABEMA dアニメストア U-NEXT アニメ放題 Lemino DMM TV アニメフェスタ FOD TELASA (見放題プラン)
---
[NG] DMM TV:
ABEMA dアニメストア U-NEXT アニメ放題 Lemino DMM TV アニメフェスタ FOD TELASA (見放題プラン) J:COM　STREAM
---
[NG] FOD:
U-NEXT アニメ放題 Lemino DMM TV アニメフェスタ FOD TELASA (見放題プラン) J:COM　STREAM milplus 見放題パックプライム
---
[NG] ABEMA:
J:COM　STREAM milplus 見放題パックプライム CENSORED版 見放題サイト ABEMA dアニメストア U-NEXT アニメ放題 niconico (ニコニコ生放送／
---
[NG] dアニメストア:
milplus 見放題パックプライム CENSORED版 見放題サイト ABEMA dアニメストア U-NEXT アニメ放題 niconico (ニコニコ生放送／ ニコニコチャンネル)
---
[NG] U-NEXT:
見放題パックプライム CENSORED版 見放題サイト ABEMA dアニメストア U-NEXT アニメ放題 niconico (ニコニコ生放送／ ニコニコチャンネル) Lemino
---
[NG] アニメ放題:
CENSORED版 見放題サイト ABEMA dアニメストア U-NEXT アニメ放題 niconico (ニコニコ生放送／ ニコニコチャンネル) Lemino DMM TV
---
[NG] Lemino:
U-NEXT アニメ放題 niconico (ニコニコ生放送／ ニコニコチャンネル) Lemino DMM TV バンダイチャンネル Hulu アニメフェスタ FOD
---
[NG] DMM TV:
アニメ放題 niconico (ニコニコ生放送／ ニコニコチャンネル) Lemino DMM TV バンダイチャンネル Hulu アニメフェスタ FOD TELASA
---
[NG] バンダイチャンネル:
niconico (ニコニコ生放送／ ニコニコチャンネル) Lemino DMM TV バンダイチャンネル Hulu アニメフェスタ FOD TELASA (見放題プラン)
---
[NG] Hulu:
(ニコニコ生放送／ ニコニコチャンネル) Lemino DMM TV バンダイチャンネル Hulu アニメフェスタ FOD TELASA (見放題プラン) J:COM　STREAM
---
[NG] FOD:
Lemino DMM TV バンダイチャンネル Hulu アニメフェスタ FOD TELASA (見放題プラン) J:COM　STREAM milplus 見放題パックプライム
---
[NG] DMM TV:
Hulu ニコニコチャンネル ニコニコ生放送 U-NEXT アニメ放題 DMM TV AnimeFesta ABEMA Prime Video バンダイチャンネル FOD
---
[NG] AnimeFesta:
ニコニコチャンネル ニコニコ生放送 U-NEXT アニメ放題 DMM TV AnimeFesta ABEMA Prime Video バンダイチャンネル FOD J:COM STREAM
---
[NG] ABEMA:
ニコニコ生放送 U-NEXT アニメ放題 DMM TV AnimeFesta ABEMA Prime Video バンダイチャンネル FOD J:COM STREAM TELASA
---
[NG] Prime Video:
U-NEXT アニメ放題 DMM TV AnimeFesta ABEMA Prime Video バンダイチャンネル FOD J:COM STREAM TELASA milplus（みるプラス）
---
[NG] バンダイチャンネル:
アニメ放題 DMM TV AnimeFesta ABEMA Prime Video バンダイチャンネル FOD J:COM STREAM TELASA milplus（みるプラス） レンタル配信
---
[NG] U-NEXT:
詳細は各サイトでチェック！ 見放題サイト ｄアニメストア niconico (ニコニコ生放送／ニコニコチャンネル) U-NEXT アニメ放題 Lemino バンダイチャンネル Hulu DMM TV
---
[NG] アニメ放題:
見放題サイト ｄアニメストア niconico (ニコニコ生放送／ニコニコチャンネル) U-NEXT アニメ放題 Lemino バンダイチャンネル Hulu DMM TV TELASA
---
[NG] Lemino:
ｄアニメストア niconico (ニコニコ生放送／ニコニコチャンネル) U-NEXT アニメ放題 Lemino バンダイチャンネル Hulu DMM TV TELASA J:COM STREAM
---
[NG] バンダイチャンネル:
niconico (ニコニコ生放送／ニコニコチャンネル) U-NEXT アニメ放題 Lemino バンダイチャンネル Hulu DMM TV TELASA J:COM STREAM milplus
---
[NG] Hulu:
(ニコニコ生放送／ニコニコチャンネル) U-NEXT アニメ放題 Lemino バンダイチャンネル Hulu DMM TV TELASA J:COM STREAM milplus 見放題パックプライム
---
[NG] DMM TV:
U-NEXT アニメ放題 Lemino バンダイチャンネル Hulu DMM TV TELASA J:COM STREAM milplus 見放題パックプライム Prime Video
---
[NG] Prime Video:
DMM TV TELASA J:COM STREAM milplus 見放題パックプライム Prime Video FOD アニメフェスタ 都度課金サイト Rakuten TV HAPPY!動画
---
[NG] FOD:
TELASA J:COM STREAM milplus 見放題パックプライム Prime Video FOD アニメフェスタ 都度課金サイト Rakuten TV HAPPY!動画 ※配信日時は変更になる場合がございます。予めご了承ください。
---
[NG] ABEMA:
配信 放送後、各プラットフォームにて 順次配信 すべてみる 見放題配信 ABEMA Amazon Prime Video dアニメストア dアニメストア ニコニコ支店 dアニメストア for Prime Video DMM TV
---
[NG] Prime Video:
放送後、各プラットフォームにて 順次配信 すべてみる 見放題配信 ABEMA Amazon Prime Video dアニメストア dアニメストア ニコニコ支店 dアニメストア for Prime Video DMM TV FOD
---
[NG] dアニメストア:
順次配信 すべてみる 見放題配信 ABEMA Amazon Prime Video dアニメストア dアニメストア ニコニコ支店 dアニメストア for Prime Video DMM TV FOD Hulu
---
[NG] dアニメストア:
すべてみる 見放題配信 ABEMA Amazon Prime Video dアニメストア dアニメストア ニコニコ支店 dアニメストア for Prime Video DMM TV FOD Hulu J:COM STREAM
---
[NG] dアニメストア:
見放題配信 ABEMA Amazon Prime Video dアニメストア dアニメストア ニコニコ支店 dアニメストア for Prime Video DMM TV FOD Hulu J:COM STREAM Lemino
---
[NG] Prime Video:
見放題配信 ABEMA Amazon Prime Video dアニメストア dアニメストア ニコニコ支店 dアニメストア for Prime Video DMM TV FOD Hulu J:COM STREAM Lemino
---
[NG] dアニメストア for Prime Video:
見放題配信 ABEMA Amazon Prime Video dアニメストア dアニメストア ニコニコ支店 dアニメストア for Prime Video DMM TV FOD Hulu J:COM STREAM Lemino
---
[NG] DMM TV:
ABEMA Amazon Prime Video dアニメストア dアニメストア ニコニコ支店 dアニメストア for Prime Video DMM TV FOD Hulu J:COM STREAM Lemino milplus
---
[NG] FOD:
Amazon Prime Video dアニメストア dアニメストア ニコニコ支店 dアニメストア for Prime Video DMM TV FOD Hulu J:COM STREAM Lemino milplus U-NEXT
---
[NG] Hulu:
dアニメストア dアニメストア ニコニコ支店 dアニメストア for Prime Video DMM TV FOD Hulu J:COM STREAM Lemino milplus U-NEXT アニメ放題
---
[NG] Lemino:
dアニメストア for Prime Video DMM TV FOD Hulu J:COM STREAM Lemino milplus U-NEXT アニメ放題 バンダイチャンネル ふらっと動画
---
[NG] U-NEXT:
FOD Hulu J:COM STREAM Lemino milplus U-NEXT アニメ放題 バンダイチャンネル ふらっと動画 レンタル配信 Amazon Prime Video
---
[NG] アニメ放題:
Hulu J:COM STREAM Lemino milplus U-NEXT アニメ放題 バンダイチャンネル ふらっと動画 レンタル配信 Amazon Prime Video HAPPY!動画
---
[NG] バンダイチャンネル:
J:COM STREAM Lemino milplus U-NEXT アニメ放題 バンダイチャンネル ふらっと動画 レンタル配信 Amazon Prime Video HAPPY!動画 J:COM STREAM
---
[NG] Prime Video:
U-NEXT アニメ放題 バンダイチャンネル ふらっと動画 レンタル配信 Amazon Prime Video HAPPY!動画 J:COM STREAM milplus music.jp TELASA
---
[NG] バンダイチャンネル:
music.jp TELASA VIDEX カンテレドーガ ニコニコチャンネル バンダイチャンネル ビデオマーケット すべてみる がんばれ ちびゴジラ 著者: さかざきちはる 2019年、ゴジラ生誕65周年! つよくてかわいい、ニューヒーロー登場! 日本でいちばん有名な怪獣のひみつ。
---
[NG] アニメ放題:
アニメタイムズ Lemino Hulu dアニメストア U-NEXT アニメ放題 Disney＋ DMM TV AnimeFesta ABEMA バンダイチャンネル
---
[NG] DMM TV:
Hulu dアニメストア U-NEXT アニメ放題 Disney＋ DMM TV AnimeFesta ABEMA バンダイチャンネル FOD J:COM STREAM
---
[NG] AnimeFesta:
dアニメストア U-NEXT アニメ放題 Disney＋ DMM TV AnimeFesta ABEMA バンダイチャンネル FOD J:COM STREAM TELASA
---
[NG] ABEMA:
U-NEXT アニメ放題 Disney＋ DMM TV AnimeFesta ABEMA バンダイチャンネル FOD J:COM STREAM TELASA milplus（みるプラス）
---
[NG] バンダイチャンネル:
アニメ放題 Disney＋ DMM TV AnimeFesta ABEMA バンダイチャンネル FOD J:COM STREAM TELASA milplus（みるプラス） ニコニコチャンネル
---
[NG] FOD:
Disney＋ DMM TV AnimeFesta ABEMA バンダイチャンネル FOD J:COM STREAM TELASA milplus（みるプラス） ニコニコチャンネル ニコニコ生放送
---
[NG] Netflix:
順次配信開始（予定） カンテレドーガ music.jp ビデオマーケット MOVIE FULL+ Netflix ※配信開始日時はサービスによって異なる場合がございます。詳しくは各配信サービスにてご確認ください。 ※配信時間は変更になる可能性がございます。 SHARE ©江口夏実・講談社／出禁のモグラ製作委員会
---
[NG] バンダイチャンネル:
アニメ放題 DMM TV J:COM STREAM みるプラス TELASA バンダイチャンネル Hulu Lemino アニメタイムズ AnimeFesta 都度課金配信サイト
---
[NG] Lemino:
DMM TV FOD HAPPY！動画 hulu J:COM STREAM Lemino milplus music.jp Prime Video TELASA Youtube（レンタル）
---
[NG] Prime Video:
hulu J:COM STREAM Lemino milplus music.jp Prime Video TELASA Youtube（レンタル） カンテレドーガ バンダイチャンネル ビデオマーケット
---
[NG] バンダイチャンネル:
music.jp Prime Video TELASA Youtube（レンタル） カンテレドーガ バンダイチャンネル ビデオマーケット ムービーフルplus TOP NEWS INTRODUCTION
---
[NG] バンダイチャンネル:
U-NEXT Hulu アニメタイムズ （Prime Video channel） Lemino(AVOD含む) バンダイチャンネル FOD Amazon Prime Video DMM TV Rakuten TV Rチャンネル
---
[NG] FOD:
Hulu アニメタイムズ （Prime Video channel） Lemino(AVOD含む) バンダイチャンネル FOD Amazon Prime Video DMM TV Rakuten TV Rチャンネル アニメフェスタ
---
[NG] Prime Video:
アニメタイムズ （Prime Video channel） Lemino(AVOD含む) バンダイチャンネル FOD Amazon Prime Video DMM TV Rakuten TV Rチャンネル アニメフェスタ ニコニコ動画
---
[NG] DMM TV:
（Prime Video channel） Lemino(AVOD含む) バンダイチャンネル FOD Amazon Prime Video DMM TV Rakuten TV Rチャンネル アニメフェスタ ニコニコ動画 ビデオマーケット
---
[NG] Hulu:
dアニメストア dアニメストア for Prime Video dアニメストア ニコニコ支店 Prime Video ディズニープラス Hulu DMM TV Lemino FOD AnimeFesta バンダイチャンネル
---
[NG] ABEMA:
BOOKS MOVIE MUSIC STORY 2025.08.15 ABEMAにて一挙配信が決定！ MORE 2025.08.15 第7話「門の先で」放送・配信時間変更のお知らせ MORE 2025.08.08
---
[NG] ABEMA:
MORE 2025.08.15 第7話「門の先で」放送・配信時間変更のお知らせ MORE 2025.08.08 ABEMA・ニコニコ生放送にて一挙配信が決定！ MORE 2025 年 7 月
---
[NG] FOD:
ABEMAプレミアム Amazon Prime Video Disney+ （ディズニープラス） DMM TV FOD Hulu J:COM STREAM Lemino milplus TELASA
---
[NG] Hulu:
Amazon Prime Video Disney+ （ディズニープラス） DMM TV FOD Hulu J:COM STREAM Lemino milplus TELASA TELASA
---
[NG] Lemino:
（ディズニープラス） DMM TV FOD Hulu J:COM STREAM Lemino milplus TELASA TELASA （Pontaパス） アニメタイムズ
---
[NG] アニメタイムズ:
Lemino milplus TELASA TELASA （Pontaパス） アニメタイムズ バンダイチャンネル ふらっと動画 【AVOD・FVOD】 最新話期間限定 無料配信
---
[NG] バンダイチャンネル:
milplus TELASA TELASA （Pontaパス） アニメタイムズ バンダイチャンネル ふらっと動画 【AVOD・FVOD】 最新話期間限定 無料配信 ABEMA
---
[NG] ABEMA:
バンダイチャンネル ふらっと動画 【AVOD・FVOD】 最新話期間限定 無料配信 ABEMA TBS FREE TVer ニコニコ生放送 【TVOD】レンタル配信 Amazon Prime Video
---
[NG] Prime Video:
ABEMA TBS FREE TVer ニコニコ生放送 【TVOD】レンタル配信 Amazon Prime Video Google TV HAPPY!動画 J:COM STREAM milplus Rakuten TV
---
[NG] バンダイチャンネル:
milplus Rakuten TV TELASA VIDEX ニコニコチャンネル（最新話1週間無料） バンダイチャンネル ※放送日時は予告なく変更となる場合がございます。 「＜水よ来たれ！＞」 異世界に転生した青年・涼のコップ一杯の水から始まる スローライフ ――
---
[NG] ABEMA:
配信情報 4 月 20 日(日)より ABEMAにて独占・無料配信！ 7 月 6 日(日)より 地上波同時で再放送！
---
[NG] Lemino:
Prime Video Hulu DMM TV Google TV YouTube Lemino ひかりTV ひかりTV for docomo J:COM STREAM TELASA milplus(みるプラス)
---
[NG] dアニメストア:
ひかりTV for docomo J:COM STREAM TELASA milplus(みるプラス) Happy!動画 dアニメストア バンダイチャンネル ※放送・配信日時は変更になる場合があります。 © やしろ・ＴＯブックス／しろひよ製作委員会
---
[NG] バンダイチャンネル:
J:COM STREAM TELASA milplus(みるプラス) Happy!動画 dアニメストア バンダイチャンネル ※放送・配信日時は変更になる場合があります。 © やしろ・ＴＯブックス／しろひよ製作委員会
---
[NG] バンダイチャンネル:
ビデオマーケット music.jp カンテレドーガ Prime Video HAPPY!動画 バンダイチャンネル Hulu J:COM STREAM TELASA milplus DMM TV
---
[NG] Hulu:
music.jp カンテレドーガ Prime Video HAPPY!動画 バンダイチャンネル Hulu J:COM STREAM TELASA milplus DMM TV Lemino
---
[NG] DMM TV:
バンダイチャンネル Hulu J:COM STREAM TELASA milplus DMM TV Lemino 配信開始日時は予告なく変更になる場合があります。 ON AIR SHARE © 鳴見なる・講談社／渡くんの××が崩壊寸前製作委員会
---
[NG] Lemino:
Hulu J:COM STREAM TELASA milplus DMM TV Lemino 配信開始日時は予告なく変更になる場合があります。 ON AIR SHARE © 鳴見なる・講談社／渡くんの××が崩壊寸前製作委員会
---
[NG] ABEMA:
Prime Video Lemino Premium ひかりTV ひかりTV for docomo SPOOX ABEMA DMM TV J:COM STREAM TELASA milplus(みるプラス) FOD
---
[NG] DMM TV:
Lemino Premium ひかりTV ひかりTV for docomo SPOOX ABEMA DMM TV J:COM STREAM TELASA milplus(みるプラス) FOD Anime Festa
---
[NG] FOD:
ABEMA DMM TV J:COM STREAM TELASA milplus(みるプラス) FOD Anime Festa Hulu アニメタイムズ ニコニコ生放送 ニコニコ動画
---
[NG] Hulu:
J:COM STREAM TELASA milplus(みるプラス) FOD Anime Festa Hulu アニメタイムズ ニコニコ生放送 ニコニコ動画 TVer MBS動画イズム
---
[NG] アニメタイムズ:
TELASA milplus(みるプラス) FOD Anime Festa Hulu アニメタイムズ ニコニコ生放送 ニコニコ動画 TVer MBS動画イズム バンダイチャンネル
---
[NG] バンダイチャンネル:
アニメタイムズ ニコニコ生放送 ニコニコ動画 TVer MBS動画イズム バンダイチャンネル 都度課金サイト Google TV YouTube Happy!動画 ※放送・配信日時は変更になる場合があります。
---
[NG] ABEMA:
※放送時間は予告なく変更となる場合がございます STREAMING ※配信開始日時はサービスによって異なる場合がございます。 詳しくは各種配信サービスよりご確認ください。 見放題配信 ABEMAプレミアム Amazon Prime Video DMM TV d アニメストア FOD
---
[NG] Prime Video:
STREAMING ※配信開始日時はサービスによって異なる場合がございます。 詳しくは各種配信サービスよりご確認ください。 見放題配信 ABEMAプレミアム Amazon Prime Video DMM TV d アニメストア FOD Hulu
---
[NG] DMM TV:
※配信開始日時はサービスによって異なる場合がございます。 詳しくは各種配信サービスよりご確認ください。 見放題配信 ABEMAプレミアム Amazon Prime Video DMM TV d アニメストア FOD Hulu J:COM STREAM
---
[NG] FOD:
ABEMAプレミアム Amazon Prime Video DMM TV d アニメストア FOD Hulu J:COM STREAM Lemino milplus TELASA
---
[NG] Hulu:
Amazon Prime Video DMM TV d アニメストア FOD Hulu J:COM STREAM Lemino milplus TELASA TELASA
---
[NG] Lemino:
d アニメストア FOD Hulu J:COM STREAM Lemino milplus TELASA TELASA （ Ponta
---
[NG] U-NEXT:
TELASA TELASA （ Ponta パス） U-NEXT アニメ放題 バンダイチャンネル 最新話期間限定 無料配信 ABEMA FOD
---
[NG] アニメ放題:
TELASA （ Ponta パス） U-NEXT アニメ放題 バンダイチャンネル 最新話期間限定 無料配信 ABEMA FOD TVer
---
[NG] バンダイチャンネル:
（ Ponta パス） U-NEXT アニメ放題 バンダイチャンネル 最新話期間限定 無料配信 ABEMA FOD TVer ニコニコ生放送
---
[NG] ABEMA:
パス） U-NEXT アニメ放題 バンダイチャンネル 最新話期間限定 無料配信 ABEMA FOD TVer ニコニコ生放送 レンタル配信 Amazon Prime Video
---
[NG] FOD:
U-NEXT アニメ放題 バンダイチャンネル 最新話期間限定 無料配信 ABEMA FOD TVer ニコニコ生放送 レンタル配信 Amazon Prime Video Google TV
---
[NG] Prime Video:
ABEMA FOD TVer ニコニコ生放送 レンタル配信 Amazon Prime Video Google TV HAPPY! 動画 J:COM STREAM milplus
---
[NG] バンダイチャンネル:
music.jp ※放送終了後全話一挙配信 Rakuten TV TELASA ニコニコチャンネル バンダイチャンネル ビデオマーケット ※放送終了後全話一挙配信 ムービーフル Plus ※放送終了後全話一挙配信
---
[NG] U-NEXT:
詳細は各サイトでチェック！ 見放題サイト ABEMA NETFLIX ディズニープラス U-NEXT アニメ放題 niconico(ニコニコ生放送／ニコニコチャンネル） DMM TV FOD バンダイチャンネル
---
[NG] アニメ放題:
見放題サイト ABEMA NETFLIX ディズニープラス U-NEXT アニメ放題 niconico(ニコニコ生放送／ニコニコチャンネル） DMM TV FOD バンダイチャンネル Hulu
---
[NG] DMM TV:
NETFLIX ディズニープラス U-NEXT アニメ放題 niconico(ニコニコ生放送／ニコニコチャンネル） DMM TV FOD バンダイチャンネル Hulu TELASA（見放題プラン） J:COM　STREAM
---
[NG] FOD:
ディズニープラス U-NEXT アニメ放題 niconico(ニコニコ生放送／ニコニコチャンネル） DMM TV FOD バンダイチャンネル Hulu TELASA（見放題プラン） J:COM　STREAM milplus　見放題パックプライム
---
[NG] バンダイチャンネル:
U-NEXT アニメ放題 niconico(ニコニコ生放送／ニコニコチャンネル） DMM TV FOD バンダイチャンネル Hulu TELASA（見放題プラン） J:COM　STREAM milplus　見放題パックプライム Prime Video
---
[NG] Hulu:
アニメ放題 niconico(ニコニコ生放送／ニコニコチャンネル） DMM TV FOD バンダイチャンネル Hulu TELASA（見放題プラン） J:COM　STREAM milplus　見放題パックプライム Prime Video アニメフェスタ
---
[NG] Prime Video:
バンダイチャンネル Hulu TELASA（見放題プラン） J:COM　STREAM milplus　見放題パックプライム Prime Video アニメフェスタ 都度課金サイト ムービーフルplus HAPPY!動画 Rakuten TV
---
[NG] Lemino:
見放題サイト ABEMA niconico （ニコニコ生放送／ニコニコチャンネル） DMM TV Lemino FOD バンダイチャンネル Hulu TELASA （見放題プラン）
---
[NG] FOD:
ABEMA niconico （ニコニコ生放送／ニコニコチャンネル） DMM TV Lemino FOD バンダイチャンネル Hulu TELASA （見放題プラン） J:COM　STREAM
---
[NG] バンダイチャンネル:
niconico （ニコニコ生放送／ニコニコチャンネル） DMM TV Lemino FOD バンダイチャンネル Hulu TELASA （見放題プラン） J:COM　STREAM milplus　見放題パックプライム
---
[NG] Hulu:
（ニコニコ生放送／ニコニコチャンネル） DMM TV Lemino FOD バンダイチャンネル Hulu TELASA （見放題プラン） J:COM　STREAM milplus　見放題パックプライム Prime Video
---
[NG] Prime Video:
Hulu TELASA （見放題プラン） J:COM　STREAM milplus　見放題パックプライム Prime Video アニメフェスタ 都度課金サイト ムービーフルplus HAPPY!動画 Rakuten TV
---
[NG] DMM TV:
ABEMA AnimeFesta バンダイチャンネル dアニメストア Disney＋ DMM TV FOD Hulu Lemino Netflix Prime Video
---
[NG] FOD:
AnimeFesta バンダイチャンネル dアニメストア Disney＋ DMM TV FOD Hulu Lemino Netflix Prime Video U-NEXT
---
[NG] ABEMA:
順次配信開始！ 詳細は各サイトでチェック！ 【見放題】 U-NEXT アニメ放題 ABEMA dアニメストア DMM TV Prime Video バンダイチャンネル Hulu
---
[NG] dアニメストア:
詳細は各サイトでチェック！ 【見放題】 U-NEXT アニメ放題 ABEMA dアニメストア DMM TV Prime Video バンダイチャンネル Hulu FOD
---
[NG] DMM TV:
【見放題】 U-NEXT アニメ放題 ABEMA dアニメストア DMM TV Prime Video バンダイチャンネル Hulu FOD Animefesta
---
[NG] Prime Video:
U-NEXT アニメ放題 ABEMA dアニメストア DMM TV Prime Video バンダイチャンネル Hulu FOD Animefesta Lemino
---
[NG] バンダイチャンネル:
アニメ放題 ABEMA dアニメストア DMM TV Prime Video バンダイチャンネル Hulu FOD Animefesta Lemino アニメタイムズ
---
[NG] Hulu:
ABEMA dアニメストア DMM TV Prime Video バンダイチャンネル Hulu FOD Animefesta Lemino アニメタイムズ J:COM STREAM
---
[NG] FOD:
dアニメストア DMM TV Prime Video バンダイチャンネル Hulu FOD Animefesta Lemino アニメタイムズ J:COM STREAM （見放題）
---
[NG] Lemino:
Prime Video バンダイチャンネル Hulu FOD Animefesta Lemino アニメタイムズ J:COM STREAM （見放題） TELASA （見放題プラン）
---
[NG] アニメタイムズ:
バンダイチャンネル Hulu FOD Animefesta Lemino アニメタイムズ J:COM STREAM （見放題） TELASA （見放題プラン） milplus
---
[NG] Prime Video:
TELASA （見放題プラン） milplus 見放題パックプライム 【都度課金】 Prime Video バンダイチャンネル ニコニコチャンネル ©馬谷くらり／黒玉寮 Share
---
[NG] バンダイチャンネル:
（見放題プラン） milplus 見放題パックプライム 【都度課金】 Prime Video バンダイチャンネル ニコニコチャンネル ©馬谷くらり／黒玉寮 Share
---
[NG] DMM TV:
Anime Festa アニメ放題 バンダイチャンネル dアニメストア Disney+ DMM TV FOD Hulu J:COM STREAM 見放題 Lemino milplus
---
[NG] FOD:
アニメ放題 バンダイチャンネル dアニメストア Disney+ DMM TV FOD Hulu J:COM STREAM 見放題 Lemino milplus Netflix
---
[NG] Hulu:
バンダイチャンネル dアニメストア Disney+ DMM TV FOD Hulu J:COM STREAM 見放題 Lemino milplus Netflix Ponta パス
---
[NG] Lemino:
Disney+ DMM TV FOD Hulu J:COM STREAM 見放題 Lemino milplus Netflix Ponta パス Prime Video TELASA
---
[NG] Netflix:
FOD Hulu J:COM STREAM 見放題 Lemino milplus Netflix Ponta パス Prime Video TELASA U-NEXT レンタル配信
---
[NG] Prime Video:
HAPPY!動画 J:COM STREAM milplus ムービーフルplus ニコニコチャンネル Prime Video Rakuten TV TELASA Video Market ビデックス 最新話無料配信
---
[NG] バンダイチャンネル:
アニメ放題 ABEMA Lemino Amazonプライムビデオ Disney＋ バンダイチャンネル Hulu FOD ニコニコチャンネル Anime Festa TVer
---
[NG] Hulu:
ABEMA Lemino Amazonプライムビデオ Disney＋ バンダイチャンネル Hulu FOD ニコニコチャンネル Anime Festa TVer MBS動画イズム
---
[NG] バンダイチャンネル:
Amazon Prime Video J:COM STREAM DMM TV TELASA ニコニコ バンダイチャンネル Hulu milplus見放題パックプライム U-NEXT FOD 都度課金配信
---
[NG] バンダイチャンネル:
Amazon Prime Video カンテレドーガ J:COM STREAM TELASA ニコニコ バンダイチャンネル ビデオマーケット music.jp milplus 見逃し無料配信 ABEMA
---
[NG] ABEMA:
バンダイチャンネル ビデオマーケット music.jp milplus 見逃し無料配信 ABEMA ニコニコ Lemino HOME MOVIE NEWS
---
[NG] Lemino:
music.jp milplus 見逃し無料配信 ABEMA ニコニコ Lemino HOME MOVIE NEWS STAFF&CAST INTRODUCTION
---
[NG] バンダイチャンネル:
J:COM STREAM milplus music.jp Rakuten TV TELASA バンダイチャンネル ビデオマーケット ムービーフルPlus ※配信情報は変更になる場合がございます。詳しくは各配信サイトをご確認ください。 Season1 再放送 放送局
---
[NG] FOD:
※放送時間は変更の可能性がございます 4/12より毎週土曜日正午から FOD/TVer にて 1週間限定配信 FOD TVer 吸血鬼になることへの戸惑いを乗り越え、 ナズナを“好き”になることを決めたコウと、 コウに“惚れさせる”決意をしたナズナ。 「恋」が一体なんなのか、
---
[NG] アニメタイムズ:
見放題先行配信 ABEMA U-NEXT アニメ放題 見放題配信 アニメタイムズ Amazon Prime Video FOD J:COM STREAM dアニメストア DMM TV
---
[NG] Prime Video:
ABEMA U-NEXT アニメ放題 見放題配信 アニメタイムズ Amazon Prime Video FOD J:COM STREAM dアニメストア DMM TV Disney＋
---
[NG] FOD:
U-NEXT アニメ放題 見放題配信 アニメタイムズ Amazon Prime Video FOD J:COM STREAM dアニメストア DMM TV Disney＋ TELASA
---
[NG] dアニメストア:
見放題配信 アニメタイムズ Amazon Prime Video FOD J:COM STREAM dアニメストア DMM TV Disney＋ TELASA Netflix バンダイチャンネル
---
[NG] DMM TV:
アニメタイムズ Amazon Prime Video FOD J:COM STREAM dアニメストア DMM TV Disney＋ TELASA Netflix バンダイチャンネル Hulu
---
[NG] Netflix:
J:COM STREAM dアニメストア DMM TV Disney＋ TELASA Netflix バンダイチャンネル Hulu ふらっと動画 milplus見放題パックプライム Lemino
---
[NG] バンダイチャンネル:
dアニメストア DMM TV Disney＋ TELASA Netflix バンダイチャンネル Hulu ふらっと動画 milplus見放題パックプライム Lemino WOWOWオンデマンド
---
[NG] Hulu:
DMM TV Disney＋ TELASA Netflix バンダイチャンネル Hulu ふらっと動画 milplus見放題パックプライム Lemino WOWOWオンデマンド 都度課金配信
---
[NG] Lemino:
Netflix バンダイチャンネル Hulu ふらっと動画 milplus見放題パックプライム Lemino WOWOWオンデマンド 都度課金配信 Amazon Prime Video カンテレドーガ J:COM STREAM
---
[NG] Prime Video:
ふらっと動画 milplus見放題パックプライム Lemino WOWOWオンデマンド 都度課金配信 Amazon Prime Video カンテレドーガ J:COM STREAM TELASA ニコニコ バンダイチャンネル
---
[NG] バンダイチャンネル:
Amazon Prime Video カンテレドーガ J:COM STREAM TELASA ニコニコ バンダイチャンネル ビデオマーケット music.jp milplus 見逃し無料配信 ABEMA
---
[NG] ABEMA:
バンダイチャンネル ビデオマーケット music.jp milplus 見逃し無料配信 ABEMA TVer ニコニコ Lemino ※配信日時は予告なく変更する場合がございます。詳細は各配信サービスにてご確認ください。 Page Top
---
[NG] Lemino:
milplus 見逃し無料配信 ABEMA TVer ニコニコ Lemino ※配信日時は予告なく変更する場合がございます。詳細は各配信サービスにてご確認ください。 Page Top このサイトに記載されている一切の文書・図版・写真等を、手段や形態を問わず、複製・転載することを禁じます。 ©真倉翔・岡野剛／集英社・童守小学校卒業生一同 TOP
---
[NG] dアニメストア:
ABEMA Prime Video ディズニープラス dアニメストア dアニメストア ニコニコ支店 dアニメストア for Prime Video DMM TV バンダイチャンネル Hulu ニコニコチャンネル U-NEXT
---
[NG] Prime Video:
ABEMA Prime Video ディズニープラス dアニメストア dアニメストア ニコニコ支店 dアニメストア for Prime Video DMM TV バンダイチャンネル Hulu ニコニコチャンネル U-NEXT
---
[NG] dアニメストア for Prime Video:
ABEMA Prime Video ディズニープラス dアニメストア dアニメストア ニコニコ支店 dアニメストア for Prime Video DMM TV バンダイチャンネル Hulu ニコニコチャンネル U-NEXT
---
[NG] DMM TV:
Prime Video ディズニープラス dアニメストア dアニメストア ニコニコ支店 dアニメストア for Prime Video DMM TV バンダイチャンネル Hulu ニコニコチャンネル U-NEXT アニメ放題
---
[NG] バンダイチャンネル:
ディズニープラス dアニメストア dアニメストア ニコニコ支店 dアニメストア for Prime Video DMM TV バンダイチャンネル Hulu ニコニコチャンネル U-NEXT アニメ放題 FOD
---
[NG] Hulu:
dアニメストア dアニメストア ニコニコ支店 dアニメストア for Prime Video DMM TV バンダイチャンネル Hulu ニコニコチャンネル U-NEXT アニメ放題 FOD Lemino
---
[NG] U-NEXT:
dアニメストア for Prime Video DMM TV バンダイチャンネル Hulu ニコニコチャンネル U-NEXT アニメ放題 FOD Lemino AnimeFesta アニメタイムズ
---
[NG] FOD:
順次配信 DMM TV U-NEXT アニメ放題 Amazon Prime Video FOD Hulu Lemino AnimeFesta バンダイチャンネル J:COM STREAM
---
[NG] Hulu:
DMM TV U-NEXT アニメ放題 Amazon Prime Video FOD Hulu Lemino AnimeFesta バンダイチャンネル J:COM STREAM milplus見放題プライム
---
[NG] Lemino:
U-NEXT アニメ放題 Amazon Prime Video FOD Hulu Lemino AnimeFesta バンダイチャンネル J:COM STREAM milplus見放題プライム TELASA
---
[NG] AnimeFesta:
アニメ放題 Amazon Prime Video FOD Hulu Lemino AnimeFesta バンダイチャンネル J:COM STREAM milplus見放題プライム TELASA 都度課金配信
---
[NG] FOD:
順次配信 DMM TV U-NEXT アニメ放題 Amazon Prime Video FOD Hulu Lemino AnimeFesta バンダイチャンネル J:COM STREAM
---
[NG] Hulu:
DMM TV U-NEXT アニメ放題 Amazon Prime Video FOD Hulu Lemino AnimeFesta バンダイチャンネル J:COM STREAM milplus見放題プライム
---
[NG] Lemino:
U-NEXT アニメ放題 Amazon Prime Video FOD Hulu Lemino AnimeFesta バンダイチャンネル J:COM STREAM milplus見放題プライム TELASA
---
[NG] AnimeFesta:
アニメ放題 Amazon Prime Video FOD Hulu Lemino AnimeFesta バンダイチャンネル J:COM STREAM milplus見放題プライム TELASA 都度課金配信
---
[NG] AnimeFesta:
最速配信 dアニメストア ABEMA その他サイトも順次配信予定 見放題サイト AnimeFesta DMM TV ＦＯＤ HAPPY!動画 Hulu J:COM STREAM
---
[NG] DMM TV:
dアニメストア ABEMA その他サイトも順次配信予定 見放題サイト AnimeFesta DMM TV ＦＯＤ HAPPY!動画 Hulu J:COM STREAM Lemino
---
[NG] Hulu:
見放題サイト AnimeFesta DMM TV ＦＯＤ HAPPY!動画 Hulu J:COM STREAM Lemino milplus 見放題パックプライム Netflix
---
[NG] Lemino:
DMM TV ＦＯＤ HAPPY!動画 Hulu J:COM STREAM Lemino milplus 見放題パックプライム Netflix Prime Video Rakuten TV
---
[NG] Netflix:
Hulu J:COM STREAM Lemino milplus 見放題パックプライム Netflix Prime Video Rakuten TV TELASA U-NEXT アニメタイムズ
---
[NG] Prime Video:
J:COM STREAM Lemino milplus 見放題パックプライム Netflix Prime Video Rakuten TV TELASA U-NEXT アニメタイムズ アニメ放題
---
[NG] U-NEXT:
見放題パックプライム Netflix Prime Video Rakuten TV TELASA U-NEXT アニメタイムズ アニメ放題 ニコニコ バンダイチャンネル ムービーフルPlus
---
[NG] アニメタイムズ:
Netflix Prime Video Rakuten TV TELASA U-NEXT アニメタイムズ アニメ放題 ニコニコ バンダイチャンネル ムービーフルPlus PAGE
---
[NG] アニメ放題:
Prime Video Rakuten TV TELASA U-NEXT アニメタイムズ アニメ放題 ニコニコ バンダイチャンネル ムービーフルPlus PAGE TOP
---
[NG] バンダイチャンネル:
TELASA U-NEXT アニメタイムズ アニメ放題 ニコニコ バンダイチャンネル ムービーフルPlus PAGE TOP OFFICIAL SHARE
---
[NG] FOD:
ABEMA AnimeFesta バンダイチャンネル dアニメストア DMM TV FOD Hulu Lemino ニコニコチャンネル Prime Video U-NEXT
---
[NG] DMM TV:
dアニメストア dアニメストア ニコニコ支店 dアニメストア for Prime Video Netflix Disney+ DMM TV FOD アニメフェスタ MBS動画イズム TVer Prime Video
---
[NG] FOD:
dアニメストア ニコニコ支店 dアニメストア for Prime Video Netflix Disney+ DMM TV FOD アニメフェスタ MBS動画イズム TVer Prime Video ニコニコ動画
---
[NG] Prime Video:
DMM TV FOD アニメフェスタ MBS動画イズム TVer Prime Video ニコニコ動画 バンダイチャンネル Hulu J:COM STREAM TELASA
---
[NG] バンダイチャンネル:
アニメフェスタ MBS動画イズム TVer Prime Video ニコニコ動画 バンダイチャンネル Hulu J:COM STREAM TELASA milplus Pontaパス
---
[NG] Hulu:
MBS動画イズム TVer Prime Video ニコニコ動画 バンダイチャンネル Hulu J:COM STREAM TELASA milplus Pontaパス 個別課金サービス
---
[NG] バンダイチャンネル:
カンテレドーガ ニコニコ動画 Prime Video MBS動画イズム HAPPY!動画 バンダイチャンネル J:COM STREAM TELASA milplus ©井上堅二・吉岡公威・講談社／ぐらんぶる２製作委員会
---
[NG] DMM TV:
J:COM STREAM ※毎週日曜正午配信開始予定 TELASA ※毎週日曜正午配信開始予定 Disney+ DMM TV Netflix バンダイチャンネル Hulu Prime Video Pontaパス
---
[NG] Netflix:
※毎週日曜正午配信開始予定 TELASA ※毎週日曜正午配信開始予定 Disney+ DMM TV Netflix バンダイチャンネル Hulu Prime Video Pontaパス ※毎週日曜正午配信開始予定
---
[NG] バンダイチャンネル:
TELASA ※毎週日曜正午配信開始予定 Disney+ DMM TV Netflix バンダイチャンネル Hulu Prime Video Pontaパス ※毎週日曜正午配信開始予定 milplus見放題パックプライム
---
[NG] Hulu:
※毎週日曜正午配信開始予定 Disney+ DMM TV Netflix バンダイチャンネル Hulu Prime Video Pontaパス ※毎週日曜正午配信開始予定 milplus見放題パックプライム ※毎週日曜正午配信開始予定
---
[NG] Prime Video:
Disney+ DMM TV Netflix バンダイチャンネル Hulu Prime Video Pontaパス ※毎週日曜正午配信開始予定 milplus見放題パックプライム ※毎週日曜正午配信開始予定 U-NEXT
---
[NG] バンダイチャンネル:
TELASA ※毎週日曜正午配信開始予定 ニコニコチャンネル HAPPY!動画 ※毎週月曜正午配信開始予定 バンダイチャンネル ビデオマーケット Prime Video milplus ※毎週日曜正午配信開始予定 music.jp
---
[NG] Prime Video:
ニコニコチャンネル HAPPY!動画 ※毎週月曜正午配信開始予定 バンダイチャンネル ビデオマーケット Prime Video milplus ※毎週日曜正午配信開始予定 music.jp ムービーフル ※毎週水曜正午配信開始予定
---
[NG] バンダイチャンネル:
カンテレドーガ J:COM STREAM TELASA ニコニコチャンネル HAPPY!動画 バンダイチャンネル ビデオマーケット Prime Video milplus music.jp ムービーフル
---
[NG] Prime Video:
TELASA ニコニコチャンネル HAPPY!動画 バンダイチャンネル ビデオマーケット Prime Video milplus music.jp ムービーフル ※配信期間は配信サービスによって異なる場合がございます。 詳しくは取扱いの配信サービスにてご確認ください。
---
[NG] ABEMA:
dアニメストア dアニメストア for Prime Video dアニメストア ニコニコ支店 ディズニープラス Netflix ABEMA U-NEXT Hulu DMM TV Lemino バンダイチャンネル
---
[NG] U-NEXT:
dアニメストア for Prime Video dアニメストア ニコニコ支店 ディズニープラス Netflix ABEMA U-NEXT Hulu DMM TV Lemino バンダイチャンネル FOD
---
[NG] Hulu:
dアニメストア ニコニコ支店 ディズニープラス Netflix ABEMA U-NEXT Hulu DMM TV Lemino バンダイチャンネル FOD TELASA（見放題プラン）
---
[NG] DMM TV:
ディズニープラス Netflix ABEMA U-NEXT Hulu DMM TV Lemino バンダイチャンネル FOD TELASA（見放題プラン） J:COM STREAM（見放題）
---
[NG] Lemino:
Netflix ABEMA U-NEXT Hulu DMM TV Lemino バンダイチャンネル FOD TELASA（見放題プラン） J:COM STREAM（見放題） milplus見放題パックプライム
---
[NG] バンダイチャンネル:
ABEMA U-NEXT Hulu DMM TV Lemino バンダイチャンネル FOD TELASA（見放題プラン） J:COM STREAM（見放題） milplus見放題パックプライム アニメ放題
---
[NG] FOD:
U-NEXT Hulu DMM TV Lemino バンダイチャンネル FOD TELASA（見放題プラン） J:COM STREAM（見放題） milplus見放題パックプライム アニメ放題 AnimeFesta
---
[NG] Prime Video:
アニメ放題 バンダイチャンネル AnimeFesta dアニメストア dアニメストア for Prime Video DMM TV FOD Hulu J:COM STREAM Lemino
---
[NG] DMM TV:
バンダイチャンネル AnimeFesta dアニメストア dアニメストア for Prime Video DMM TV FOD Hulu J:COM STREAM Lemino milplus
---
[NG] FOD:
AnimeFesta dアニメストア dアニメストア for Prime Video DMM TV FOD Hulu J:COM STREAM Lemino milplus Prime Video
---
[NG] Hulu:
dアニメストア dアニメストア for Prime Video DMM TV FOD Hulu J:COM STREAM Lemino milplus Prime Video TELASA
---
[NG] Lemino:
for Prime Video DMM TV FOD Hulu J:COM STREAM Lemino milplus Prime Video TELASA U-NEXT ※配信日時は予告なく変更になる場合がございます。
---
[NG] Prime Video:
FOD Hulu J:COM STREAM Lemino milplus Prime Video TELASA U-NEXT ※配信日時は予告なく変更になる場合がございます。 OFFICIAL ACCOUNT
---
[NG] U-NEXT:
J:COM STREAM Lemino milplus Prime Video TELASA U-NEXT ※配信日時は予告なく変更になる場合がございます。 OFFICIAL ACCOUNT © ホークマン・メカルーツ/マッグガーデン/ニャイリビ製作委員会
---
[NG] ABEMA:
VISUAL CHANGE NEWS 最新情報 ALL NEWS 2025. 08. 22 8/23に若山詩音＆花江夏樹出演ABEMA特番放送！ DETAIL → 2025. 08. 22 追加キャスト発表！坂田金太役は藤原大智 DETAIL → 2025. 08. 22
---
[NG] アニメタイムズ:
ABEMA MBS動画イズム TVer ニコニコ 見放題 アニメタイムズ アニメ放題 ABEMA abceed FOD J:COM STREAM
---
[NG] アニメ放題:
MBS動画イズム TVer ニコニコ 見放題 アニメタイムズ アニメ放題 ABEMA abceed FOD J:COM STREAM DMM TV
---
[NG] ABEMA:
TVer ニコニコ 見放題 アニメタイムズ アニメ放題 ABEMA abceed FOD J:COM STREAM DMM TV TELASA
---
[NG] FOD:
見放題 アニメタイムズ アニメ放題 ABEMA abceed FOD J:COM STREAM DMM TV TELASA dアニメストア ニコニコ
---
[NG] DMM TV:
アニメ放題 ABEMA abceed FOD J:COM STREAM DMM TV TELASA dアニメストア ニコニコ Netflix バンダイチャンネル
---
[NG] dアニメストア:
abceed FOD J:COM STREAM DMM TV TELASA dアニメストア ニコニコ Netflix バンダイチャンネル Hulu Prime Video
---
[NG] Netflix:
J:COM STREAM DMM TV TELASA dアニメストア ニコニコ Netflix バンダイチャンネル Hulu Prime Video ふらっと動画 Pontaパス
---
[NG] バンダイチャンネル:
DMM TV TELASA dアニメストア ニコニコ Netflix バンダイチャンネル Hulu Prime Video ふらっと動画 Pontaパス milplus
---
[NG] Hulu:
TELASA dアニメストア ニコニコ Netflix バンダイチャンネル Hulu Prime Video ふらっと動画 Pontaパス milplus U-NEXT
---
[NG] Prime Video:
dアニメストア ニコニコ Netflix バンダイチャンネル Hulu Prime Video ふらっと動画 Pontaパス milplus U-NEXT Lemino
---
[NG] U-NEXT:
Hulu Prime Video ふらっと動画 Pontaパス milplus U-NEXT Lemino WOWOWオンデマンド 各話購入 HAPPY!動画 MBS動画イズム
---
[NG] Lemino:
Prime Video ふらっと動画 Pontaパス milplus U-NEXT Lemino WOWOWオンデマンド 各話購入 HAPPY!動画 MBS動画イズム ニコニコ
---
[NG] Lemino:
dアニメストア U-NEXT アニメ放題 niconico (ニコニコ生放送／ニコニコチャンネル） Lemino DMM TV バンダイチャンネル Hulu アニメフェスタ FOD
---
[NG] DMM TV:
U-NEXT アニメ放題 niconico (ニコニコ生放送／ニコニコチャンネル） Lemino DMM TV バンダイチャンネル Hulu アニメフェスタ FOD TELASA
---
[NG] バンダイチャンネル:
アニメ放題 niconico (ニコニコ生放送／ニコニコチャンネル） Lemino DMM TV バンダイチャンネル Hulu アニメフェスタ FOD TELASA （見放題プラン）
---
[NG] Hulu:
niconico (ニコニコ生放送／ニコニコチャンネル） Lemino DMM TV バンダイチャンネル Hulu アニメフェスタ FOD TELASA （見放題プラン） J:COM　STREAM
---
[NG] FOD:
Lemino DMM TV バンダイチャンネル Hulu アニメフェスタ FOD TELASA （見放題プラン） J:COM　STREAM milplus 見放題パックプライム
---
[NG] Prime Video:
見放題パックプライム WOWOW オンデマンド カンテレドーガ TVer Prime Video ディズニープラス Netflix 《都度課金サイト》 HAPPY!動画 Rakuten TV
---
[NG] Netflix:
オンデマンド カンテレドーガ TVer Prime Video ディズニープラス Netflix 《都度課金サイト》 HAPPY!動画 Rakuten TV ※放送・配信日時は変更となる場合がございます。 中高一貫の男子校に通う江間譲二は、
---
[NG] アニメ放題:
見放題配信 Lemino アニメタイムズ dアニメストア U-NEXT アニメ放題 バンダイチャンネル J:COM STREAM TELASA milplus（みるプラス） NETFLIX
---
[NG] バンダイチャンネル:
Lemino アニメタイムズ dアニメストア U-NEXT アニメ放題 バンダイチャンネル J:COM STREAM TELASA milplus（みるプラス） NETFLIX FOD
---
[NG] FOD:
バンダイチャンネル J:COM STREAM TELASA milplus（みるプラス） NETFLIX FOD Disney＋ AnimeFesta DMM TV WOWOWオンデマンド ABEMA
---
[NG] AnimeFesta:
TELASA milplus（みるプラス） NETFLIX FOD Disney＋ AnimeFesta DMM TV WOWOWオンデマンド ABEMA レンタル配信 Rakuten TV
---
[NG] DMM TV:
milplus（みるプラス） NETFLIX FOD Disney＋ AnimeFesta DMM TV WOWOWオンデマンド ABEMA レンタル配信 Rakuten TV カンテレドーガ
---
[NG] ABEMA:
FOD Disney＋ AnimeFesta DMM TV WOWOWオンデマンド ABEMA レンタル配信 Rakuten TV カンテレドーガ music.jp ビデオマーケット
---
[NG] バンダイチャンネル:
music.jp ビデオマーケット ニコニコチャンネル HAPPY！動画 ムービーフル＋ バンダイチャンネル J:COM STREAM TELASA milplus（みるプラス） 一部サービスは放送連動期間後の配信となります
---
[NG] Lemino:
から配信開始 Prime Video ABEMA U-NEXT アニメ放題 Lemino DMM TV AnimeFesta バンダイチャンネル Hulu FOD
---
[NG] DMM TV:
Prime Video ABEMA U-NEXT アニメ放題 Lemino DMM TV AnimeFesta バンダイチャンネル Hulu FOD FODチャンネル
---
[NG] AnimeFesta:
ABEMA U-NEXT アニメ放題 Lemino DMM TV AnimeFesta バンダイチャンネル Hulu FOD FODチャンネル for Prime Video
---
[NG] バンダイチャンネル:
U-NEXT アニメ放題 Lemino DMM TV AnimeFesta バンダイチャンネル Hulu FOD FODチャンネル for Prime Video ニコニコチャンネル
---
[NG] DMM TV:
地上波先行一斉配信！ Amazon Prime Video U-NEXT dアニメストア ABEMA DMM TV バンダイチャンネル FOD Lemino ニコニコチャンネル ニコニコ生放送
---
[NG] バンダイチャンネル:
Amazon Prime Video U-NEXT dアニメストア ABEMA DMM TV バンダイチャンネル FOD Lemino ニコニコチャンネル ニコニコ生放送 アニメタイムズ
---
[NG] FOD:
U-NEXT dアニメストア ABEMA DMM TV バンダイチャンネル FOD Lemino ニコニコチャンネル ニコニコ生放送 アニメタイムズ アニメ放題
---
[NG] Lemino:
dアニメストア ABEMA DMM TV バンダイチャンネル FOD Lemino ニコニコチャンネル ニコニコ生放送 アニメタイムズ アニメ放題 AnimeFesta
---
[NG] アニメタイムズ:
バンダイチャンネル FOD Lemino ニコニコチャンネル ニコニコ生放送 アニメタイムズ アニメ放題 AnimeFesta HAPPY!動画 J:COM STREAM milplus
---
[NG] アニメ放題:
FOD Lemino ニコニコチャンネル ニコニコ生放送 アニメタイムズ アニメ放題 AnimeFesta HAPPY!動画 J:COM STREAM milplus TELASA
---
[NG] AnimeFesta:
Lemino ニコニコチャンネル ニコニコ生放送 アニメタイムズ アニメ放題 AnimeFesta HAPPY!動画 J:COM STREAM milplus TELASA Pontaパス
---
[NG] アニメ放題:
▼見放題サイト TVer タカラトミーチャンネル（YouTube） ネットもテレ東 U-NEXT アニメ放題 J:COM STREAM TELASA みるプラス Lemino Spoox Powered by Lemino
---
[NG] Lemino:
U-NEXT アニメ放題 J:COM STREAM TELASA みるプラス Lemino Spoox Powered by Lemino Amazon Prime Video dアニメストア ABEMA FOD
---
[NG] Lemino:
アニメ放題 J:COM STREAM TELASA みるプラス Lemino Spoox Powered by Lemino Amazon Prime Video dアニメストア ABEMA FOD DMM TV
---
[NG] Prime Video:
J:COM STREAM TELASA みるプラス Lemino Spoox Powered by Lemino Amazon Prime Video dアニメストア ABEMA FOD DMM TV ▼都度課金サイト
---
[NG] dアニメストア:
TELASA みるプラス Lemino Spoox Powered by Lemino Amazon Prime Video dアニメストア ABEMA FOD DMM TV ▼都度課金サイト Rakuten TV
---
[NG] ABEMA:
みるプラス Lemino Spoox Powered by Lemino Amazon Prime Video dアニメストア ABEMA FOD DMM TV ▼都度課金サイト Rakuten TV Google Play/YouTube
---
[NG] FOD:
Lemino Spoox Powered by Lemino Amazon Prime Video dアニメストア ABEMA FOD DMM TV ▼都度課金サイト Rakuten TV Google Play/YouTube Amazon Prime Video
---
[NG] DMM TV:
Spoox Powered by Lemino Amazon Prime Video dアニメストア ABEMA FOD DMM TV ▼都度課金サイト Rakuten TV Google Play/YouTube Amazon Prime Video J:COM STREAM
---
[NG] Prime Video:
FOD DMM TV ▼都度課金サイト Rakuten TV Google Play/YouTube Amazon Prime Video J:COM STREAM TELASA みるプラス おしらせ エピソード
---
[NG] U-NEXT:
スポーツ 動画 ネットもテレ東 TVer テレ東BIZ U-NEXT テレビ東京オンデマンド テレ東 YouTube公式チャンネル ＢＳテレ東 YouTube公式チャンネル ショッピング・トラベル テレ東本舗。WEB
---
[NG] Hulu:
Prime Video dアニメストア Netflix DMM TV バンダイチャンネル Hulu U-NEXT アニメ放題 FOD ABEMA Lemino
---
[NG] U-NEXT:
dアニメストア Netflix DMM TV バンダイチャンネル Hulu U-NEXT アニメ放題 FOD ABEMA Lemino AnimeFesta
---
[NG] アニメ放題:
Netflix DMM TV バンダイチャンネル Hulu U-NEXT アニメ放題 FOD ABEMA Lemino AnimeFesta ディズニープラス
---
[NG] FOD:
DMM TV バンダイチャンネル Hulu U-NEXT アニメ放題 FOD ABEMA Lemino AnimeFesta ディズニープラス アニメタイムズ
---
[NG] dアニメストア:
Streaming 配信情報 ABEMA Amazon Prime Video DMM TV dアニメストア FOD Hulu J:COM STREAM LEMINO Locipo
---
[NG] FOD:
配信情報 ABEMA Amazon Prime Video DMM TV dアニメストア FOD Hulu J:COM STREAM LEMINO Locipo music.jp
---
[NG] Hulu:
ABEMA Amazon Prime Video DMM TV dアニメストア FOD Hulu J:COM STREAM LEMINO Locipo music.jp milplus（みるプラス）
---
[NG] U-NEXT:
LEMINO Locipo music.jp milplus（みるプラス） TELASA U-NEXT カンテレドーガ バンダイチャンネル ビデオマーケット ニコニコ ※配信・放送開始日、時間は変更となる場合がございます。予めご了承ください。
---
[NG] バンダイチャンネル:
music.jp milplus（みるプラス） TELASA U-NEXT カンテレドーガ バンダイチャンネル ビデオマーケット ニコニコ ※配信・放送開始日、時間は変更となる場合がございます。予めご了承ください。 Home News
---
[NG] Lemino:
dアニメストア U-NEXT アニメ放題 niconico (ニコニコ生放送／ニコニコチャンネル） Lemino DMM TV バンダイチャンネル Hulu アニメフェスタ FOD
---
[NG] DMM TV:
U-NEXT アニメ放題 niconico (ニコニコ生放送／ニコニコチャンネル） Lemino DMM TV バンダイチャンネル Hulu アニメフェスタ FOD TELASA
---
[NG] バンダイチャンネル:
アニメ放題 niconico (ニコニコ生放送／ニコニコチャンネル） Lemino DMM TV バンダイチャンネル Hulu アニメフェスタ FOD TELASA （見放題プラン）
---
[NG] Hulu:
niconico (ニコニコ生放送／ニコニコチャンネル） Lemino DMM TV バンダイチャンネル Hulu アニメフェスタ FOD TELASA （見放題プラン） J:COM　STREAM
---
[NG] FOD:
Lemino DMM TV バンダイチャンネル Hulu アニメフェスタ FOD TELASA （見放題プラン） J:COM　STREAM milplus 見放題パックプライム
---
[NG] Prime Video:
見放題パックプライム WOWOW オンデマンド カンテレドーガ TVer Prime Video ディズニープラス Netflix 《都度課金サイト》 HAPPY!動画 Rakuten TV
---
[NG] Netflix:
オンデマンド カンテレドーガ TVer Prime Video ディズニープラス Netflix 《都度課金サイト》 HAPPY!動画 Rakuten TV ※放送・配信日時は変更となる場合がございます。 合唱部の部長・岡 聡実は、
---
[NG] Lemino:
（詳細は各サイトでご確認ください） ＜見放題サイト＞ U-NEXT アニメ放題 niconico(ニコニコ生放送／ニコニコチャンネル） Lemino DMM TV バンダイチャンネル Hulu アニメフェスタ FOD
---
[NG] DMM TV:
＜見放題サイト＞ U-NEXT アニメ放題 niconico(ニコニコ生放送／ニコニコチャンネル） Lemino DMM TV バンダイチャンネル Hulu アニメフェスタ FOD TELASA（見放題プラン）
---
[NG] バンダイチャンネル:
U-NEXT アニメ放題 niconico(ニコニコ生放送／ニコニコチャンネル） Lemino DMM TV バンダイチャンネル Hulu アニメフェスタ FOD TELASA（見放題プラン） J:COM　STREAM
---
[NG] Hulu:
アニメ放題 niconico(ニコニコ生放送／ニコニコチャンネル） Lemino DMM TV バンダイチャンネル Hulu アニメフェスタ FOD TELASA（見放題プラン） J:COM　STREAM milplus　見放題パックプライム
---
[NG] FOD:
Lemino DMM TV バンダイチャンネル Hulu アニメフェスタ FOD TELASA（見放題プラン） J:COM　STREAM milplus　見放題パックプライム Prime Video ＜都度課金サイト＞
---
[NG] Prime Video:
アニメフェスタ FOD TELASA（見放題プラン） J:COM　STREAM milplus　見放題パックプライム Prime Video ＜都度課金サイト＞ HAPPY!動画 Rakuten TV ※放送・配信日時は予告なく変更になる場合がございます。 予めご了承下さい。
---
[NG] dアニメストア:
ABEMAプレミアム Amazon Prime Video Disney+（ディズニープラス） DMM TV dアニメストア dアニメストア for Prime Video dアニメストア ニコニコ支店 FOD Hulu J:COM STREAM Lemino
---
[NG] Prime Video:
ABEMAプレミアム Amazon Prime Video Disney+（ディズニープラス） DMM TV dアニメストア dアニメストア for Prime Video dアニメストア ニコニコ支店 FOD Hulu J:COM STREAM Lemino
---
[NG] dアニメストア for Prime Video:
ABEMAプレミアム Amazon Prime Video Disney+（ディズニープラス） DMM TV dアニメストア dアニメストア for Prime Video dアニメストア ニコニコ支店 FOD Hulu J:COM STREAM Lemino
---
[NG] dアニメストア:
Amazon Prime Video Disney+（ディズニープラス） DMM TV dアニメストア dアニメストア for Prime Video dアニメストア ニコニコ支店 FOD Hulu J:COM STREAM Lemino milplus
---
[NG] FOD:
Disney+（ディズニープラス） DMM TV dアニメストア dアニメストア for Prime Video dアニメストア ニコニコ支店 FOD Hulu J:COM STREAM Lemino milplus Netflix
---
[NG] Hulu:
DMM TV dアニメストア dアニメストア for Prime Video dアニメストア ニコニコ支店 FOD Hulu J:COM STREAM Lemino milplus Netflix TELASA
---
[NG] Lemino:
dアニメストア for Prime Video dアニメストア ニコニコ支店 FOD Hulu J:COM STREAM Lemino milplus Netflix TELASA TELASA（Pontaパス） WOWOWオンデマンド
---
[NG] Netflix:
FOD Hulu J:COM STREAM Lemino milplus Netflix TELASA TELASA（Pontaパス） WOWOWオンデマンド アニメタイムズ アニメ放題
---
[NG] アニメタイムズ:
milplus Netflix TELASA TELASA（Pontaパス） WOWOWオンデマンド アニメタイムズ アニメ放題 ニコニコチャンネル バンダイチャンネル ふらっと動画 2025年
---
[NG] U-NEXT:
TBS NEWS DIG Powered by JNN TBS CROSS DIG with Bloomberg CS TBS NEWS TBS FREE TVer U-NEXT エンターテインメント 映画 TBSチケット Blu-ray・DVD 赤坂サカス
---
[NG] U-NEXT:
地上波同時・単独最速配信 ABEMA 見放題サイト ｄアニメストア niconico（ニコニコ生放送／ニコニコチャンネル） U-NEXT アニメ放題 Lemino バンダイチャンネル Hulu DMM TV
---
[NG] アニメ放題:
ABEMA 見放題サイト ｄアニメストア niconico（ニコニコ生放送／ニコニコチャンネル） U-NEXT アニメ放題 Lemino バンダイチャンネル Hulu DMM TV TELASA
---
[NG] Lemino:
見放題サイト ｄアニメストア niconico（ニコニコ生放送／ニコニコチャンネル） U-NEXT アニメ放題 Lemino バンダイチャンネル Hulu DMM TV TELASA J:COM STREAM
---
[NG] バンダイチャンネル:
ｄアニメストア niconico（ニコニコ生放送／ニコニコチャンネル） U-NEXT アニメ放題 Lemino バンダイチャンネル Hulu DMM TV TELASA J:COM STREAM milplus 見放題パックプライム
---
[NG] Hulu:
niconico（ニコニコ生放送／ニコニコチャンネル） U-NEXT アニメ放題 Lemino バンダイチャンネル Hulu DMM TV TELASA J:COM STREAM milplus 見放題パックプライム Prime Video
---
[NG] DMM TV:
U-NEXT アニメ放題 Lemino バンダイチャンネル Hulu DMM TV TELASA J:COM STREAM milplus 見放題パックプライム Prime Video FOD
---
[NG] Prime Video:
Hulu DMM TV TELASA J:COM STREAM milplus 見放題パックプライム Prime Video FOD アニメフェスタ 都度課金サイト Rakuten TV HAPPY!動画
---
[NG] FOD:
DMM TV TELASA J:COM STREAM milplus 見放題パックプライム Prime Video FOD アニメフェスタ 都度課金サイト Rakuten TV HAPPY!動画 ムービーフル
---
[NG] FOD:
U-NEXT アニメ放題 DMM TV ABEMA プレミアム Anime Festa FOD Hulu TELASA J：COM STREAM milplus バンダイチャンネル
---
[NG] Hulu:
アニメ放題 DMM TV ABEMA プレミアム Anime Festa FOD Hulu TELASA J：COM STREAM milplus バンダイチャンネル ふらっと動画
---
[NG] dアニメストア:
ABEMAプレミアム Amazon Prime Video DMM TV dアニメストア dアニメストア for Prime Video dアニメストア ニコニコ支店 FOD Hulu Lemino U-NEXT アニメ放題
---
[NG] FOD:
Amazon Prime Video DMM TV dアニメストア dアニメストア for Prime Video dアニメストア ニコニコ支店 FOD Hulu Lemino U-NEXT アニメ放題 バンダイチャンネル
---
[NG] ABEMA:
ｄアニメストア U-NEXT アニメ放題 アニメタイムズ Lemino ABEMA ふらっと動画 FOD TELASA(SVOD) J:COM STREAM(SVOD) milplus(SVOD)
---
[NG] FOD:
アニメ放題 アニメタイムズ Lemino ABEMA ふらっと動画 FOD TELASA(SVOD) J:COM STREAM(SVOD) milplus(SVOD) ニコニコ TELASA(TVOD)
---
